Component: ARM Compiler 5.06 update 5 (build 528) Tool: armlink [4d35e2]

==============================================================================

Section Cross References

    startup_stm32f103xe.o(RESET) refers to startup_stm32f103xe.o(STACK) for __initial_sp
    startup_stm32f103xe.o(RESET) refers to startup_stm32f103xe.o(.text) for Reset_Handler
    startup_stm32f103xe.o(RESET) refers to stm32f1xx_it.o(i.NMI_Handler) for NMI_Handler
    startup_stm32f103xe.o(RESET) refers to stm32f1xx_it.o(i.HardFault_Handler) for HardFault_Handler
    startup_stm32f103xe.o(RESET) refers to stm32f1xx_it.o(i.MemManage_Handler) for MemManage_Handler
    startup_stm32f103xe.o(RESET) refers to stm32f1xx_it.o(i.BusFault_Handler) for BusFault_Handler
    startup_stm32f103xe.o(RESET) refers to stm32f1xx_it.o(i.UsageFault_Handler) for UsageFault_Handler
    startup_stm32f103xe.o(RESET) refers to stm32f1xx_it.o(i.SVC_Handler) for SVC_Handler
    startup_stm32f103xe.o(RESET) refers to stm32f1xx_it.o(i.DebugMon_Handler) for DebugMon_Handler
    startup_stm32f103xe.o(RESET) refers to stm32f1xx_it.o(i.PendSV_Handler) for PendSV_Handler
    startup_stm32f103xe.o(RESET) refers to stm32f1xx_it.o(i.SysTick_Handler) for SysTick_Handler
    startup_stm32f103xe.o(RESET) refers to stm32f1xx_it.o(i.RTC_IRQHandler) for RTC_IRQHandler
    startup_stm32f103xe.o(RESET) refers to stm32f1xx_it.o(i.DMA1_Channel4_IRQHandler) for DMA1_Channel4_IRQHandler
    startup_stm32f103xe.o(RESET) refers to stm32f1xx_it.o(i.DMA1_Channel5_IRQHandler) for DMA1_Channel5_IRQHandler
    startup_stm32f103xe.o(RESET) refers to stm32f1xx_it.o(i.TIM2_IRQHandler) for TIM2_IRQHandler
    startup_stm32f103xe.o(RESET) refers to stm32f1xx_it.o(i.USART1_IRQHandler) for USART1_IRQHandler
    startup_stm32f103xe.o(RESET) refers to stm32f1xx_it.o(i.RTC_Alarm_IRQHandler) for RTC_Alarm_IRQHandler
    startup_stm32f103xe.o(RESET) refers to stm32f1xx_it.o(i.ADC3_IRQHandler) for ADC3_IRQHandler
    startup_stm32f103xe.o(RESET) refers to stm32f1xx_it.o(i.DMA2_Channel4_5_IRQHandler) for DMA2_Channel4_5_IRQHandler
    startup_stm32f103xe.o(.text) refers to system_stm32f1xx.o(i.SystemInit) for SystemInit
    startup_stm32f103xe.o(.text) refers to entry.o(.ARM.Collect$$$$00000000) for __main
    main.o(i.SystemClock_Config) refers to memseta.o(.text) for __aeabi_memclr4
    main.o(i.SystemClock_Config) refers to stm32f1xx_hal_rcc.o(i.HAL_RCC_OscConfig) for HAL_RCC_OscConfig
    main.o(i.SystemClock_Config) refers to main.o(i.Error_Handler) for Error_Handler
    main.o(i.SystemClock_Config) refers to stm32f1xx_hal_rcc.o(i.HAL_RCC_ClockConfig) for HAL_RCC_ClockConfig
    main.o(i.SystemClock_Config) refers to stm32f1xx_hal_rcc_ex.o(i.HAL_RCCEx_PeriphCLKConfig) for HAL_RCCEx_PeriphCLKConfig
    main.o(i.delay_ms) refers to stm32f1xx_hal.o(.data) for uwTick
    main.o(i.main) refers to stm32f1xx_hal.o(i.HAL_Init) for HAL_Init
    main.o(i.main) refers to main.o(i.SystemClock_Config) for SystemClock_Config
    main.o(i.main) refers to gpio.o(i.MX_GPIO_Init) for MX_GPIO_Init
    main.o(i.main) refers to dma.o(i.MX_DMA_Init) for MX_DMA_Init
    main.o(i.main) refers to fsmc.o(i.MX_FSMC_Init) for MX_FSMC_Init
    main.o(i.main) refers to tim.o(i.MX_TIM2_Init) for MX_TIM2_Init
    main.o(i.main) refers to tim.o(i.MX_TIM4_Init) for MX_TIM4_Init
    main.o(i.main) refers to adc.o(i.MX_ADC3_Init) for MX_ADC3_Init
    main.o(i.main) refers to rtc.o(i.MX_RTC_Init) for MX_RTC_Init
    main.o(i.main) refers to usart.o(i.MX_USART1_UART_Init) for MX_USART1_UART_Init
    main.o(i.main) refers to tim.o(i.MX_TIM7_Init) for MX_TIM7_Init
    main.o(i.main) refers to task_main.o(i.MainTaskInit) for MainTaskInit
    main.o(i.main) refers to task_automode.o(i.automode_init) for automode_init
    main.o(i.main) refers to stm32f1xx_hal_adc.o(i.HAL_ADC_Start_DMA) for HAL_ADC_Start_DMA
    main.o(i.main) refers to stm32f1xx_hal.o(i.HAL_GetTick) for HAL_GetTick
    main.o(i.main) refers to task_main.o(i.MainTask) for MainTask
    main.o(i.main) refers to task_automode.o(i.automode_task) for automode_task
    main.o(i.main) refers to task_main.o(.data) for calendarState
    main.o(i.main) refers to adc.o(.bss) for hadc3
    main.o(i.main) refers to main.o(.data) for last_automode_tick
    gpio.o(i.MX_GPIO_Init) refers to stm32f1xx_hal_gpio.o(i.HAL_GPIO_WritePin) for HAL_GPIO_WritePin
    gpio.o(i.MX_GPIO_Init) refers to stm32f1xx_hal_gpio.o(i.HAL_GPIO_Init) for HAL_GPIO_Init
    adc.o(i.HAL_ADC_MspDeInit) refers to stm32f1xx_hal_gpio.o(i.HAL_GPIO_DeInit) for HAL_GPIO_DeInit
    adc.o(i.HAL_ADC_MspDeInit) refers to stm32f1xx_hal_dma.o(i.HAL_DMA_DeInit) for HAL_DMA_DeInit
    adc.o(i.HAL_ADC_MspDeInit) refers to stm32f1xx_hal_cortex.o(i.HAL_NVIC_DisableIRQ) for HAL_NVIC_DisableIRQ
    adc.o(i.HAL_ADC_MspInit) refers to stm32f1xx_hal_gpio.o(i.HAL_GPIO_Init) for HAL_GPIO_Init
    adc.o(i.HAL_ADC_MspInit) refers to stm32f1xx_hal_dma.o(i.HAL_DMA_Init) for HAL_DMA_Init
[...]
    i.Error_Handler                          0x0800075a   Section        0  main.o(i.Error_Handler)
    i.FSMC_NORSRAM_Extended_Timing_Init      0x08000760   Section        0  stm32f1xx_ll_fsmc.o(i.FSMC_NORSRAM_Extended_Timing_Init)
    i.FSMC_NORSRAM_Init                      0x080007a4   Section        0  stm32f1xx_ll_fsmc.o(i.FSMC_NORSRAM_Init)
    i.FSMC_NORSRAM_Timing_Init               0x0800081c   Section        0  stm32f1xx_ll_fsmc.o(i.FSMC_NORSRAM_Timing_Init)
    i.HAL_ADCEx_InjectedConvCpltCallback     0x08000852   Section        0  stm32f1xx_hal_adc_ex.o(i.HAL_ADCEx_InjectedConvCpltCallback)
    i.HAL_ADC_ConfigChannel                  0x08000854   Section        0  stm32f1xx_hal_adc.o(i.HAL_ADC_ConfigChannel)
    i.HAL_ADC_ConvCpltCallback               0x080009b4   Section        0  stm32f1xx_hal_adc.o(i.HAL_ADC_ConvCpltCallback)
    i.HAL_ADC_ConvHalfCpltCallback           0x080009b6   Section        0  stm32f1xx_hal_adc.o(i.HAL_ADC_ConvHalfCpltCallback)
    i.HAL_ADC_ErrorCallback                  0x080009b8   Section        0  stm32f1xx_hal_adc.o(i.HAL_ADC_ErrorCallback)
    i.HAL_ADC_IRQHandler                     0x080009ba   Section        0  stm32f1xx_hal_adc.o(i.HAL_ADC_IRQHandler)
    i.HAL_ADC_Init                           0x08000acc   Section        0  stm32f1xx_hal_adc.o(i.HAL_ADC_Init)
    i.HAL_ADC_LevelOutOfWindowCallback       0x08000c2c   Section        0  stm32f1xx_hal_adc.o(i.HAL_ADC_LevelOutOfWindowCallback)
    i.HAL_ADC_MspInit                        0x08000c30   Section        0  adc.o(i.HAL_ADC_MspInit)
    i.HAL_ADC_Start_DMA                      0x08000cf0   Section        0  stm32f1xx_hal_adc.o(i.HAL_ADC_Start_DMA)
    i.HAL_DMA_Abort                          0x08000e70   Section        0  stm32f1xx_hal_dma.o(i.HAL_DMA_Abort)
    i.HAL_DMA_Abort_IT                       0x08000ec8   Section        0  stm32f1xx_hal_dma.o(i.HAL_DMA_Abort_IT)
    i.HAL_DMA_IRQHandler                     0x08001070   Section        0  stm32f1xx_hal_dma.o(i.HAL_DMA_IRQHandler)
    i.HAL_DMA_Init                           0x08001408   Section        0  stm32f1xx_hal_dma.o(i.HAL_DMA_Init)
    i.HAL_DMA_Start_IT                       0x08001494   Section        0  stm32f1xx_hal_dma.o(i.HAL_DMA_Start_IT)
    i.HAL_Delay                              0x08001530   Section        0  stm32f1xx_hal.o(i.HAL_Delay)
    i.HAL_FSMC_MspInit                       0x08001558   Section        0  fsmc.o(i.HAL_FSMC_MspInit)
    HAL_FSMC_MspInit                         0x08001559   Thumb Code   128  fsmc.o(i.HAL_FSMC_MspInit)
    i.HAL_GPIO_Init                          0x080015ec   Section        0  stm32f1xx_hal_gpio.o(i.HAL_GPIO_Init)
    i.HAL_GPIO_ReadPin                       0x0800192c   Section        0  stm32f1xx_hal_gpio.o(i.HAL_GPIO_ReadPin)
    i.HAL_GPIO_TogglePin                     0x0800193c   Section        0  stm32f1xx_hal_gpio.o(i.HAL_GPIO_TogglePin)
    i.HAL_GPIO_WritePin                      0x08001950   Section        0  stm32f1xx_hal_gpio.o(i.HAL_GPIO_WritePin)
    i.HAL_GetTick                            0x0800195c   Section        0  stm32f1xx_hal.o(i.HAL_GetTick)
    i.HAL_IncTick                            0x08001968   Section        0  stm32f1xx_hal.o(i.HAL_IncTick)
    i.HAL_Init                               0x08001980   Section        0  stm32f1xx_hal.o(i.HAL_Init)
    i.HAL_InitTick                           0x080019a8   Section        0  stm32f1xx_hal.o(i.HAL_InitTick)
    i.HAL_MspInit                            0x080019f4   Section        0  stm32f1xx_hal_msp.o(i.HAL_MspInit)
    i.HAL_NVIC_EnableIRQ                     0x08001a48   Section        0  stm32f1xx_hal_cortex.o(i.HAL_NVIC_EnableIRQ)
    i.HAL_NVIC_SetPriority                   0x08001a68   Section        0  stm32f1xx_hal_cortex.o(i.HAL_NVIC_SetPriority)
    i.HAL_NVIC_SetPriorityGrouping           0x08001ae4   Section        0  stm32f1xx_hal_cortex.o(i.HAL_NVIC_SetPriorityGrouping)
    i.HAL_PWR_EnableBkUpAccess               0x08001b0c   Section        0  stm32f1xx_hal_pwr.o(i.HAL_PWR_EnableBkUpAccess)
    i.HAL_RCCEx_GetPeriphCLKFreq             0x08001b18   Section        0  stm32f1xx_hal_rcc_ex.o(i.HAL_RCCEx_GetPeriphCLKFreq)
    i.HAL_RCCEx_PeriphCLKConfig              0x08001c30   Section        0  stm32f1xx_hal_rcc_ex.o(i.HAL_RCCEx_PeriphCLKConfig)
    i.HAL_RCC_ClockConfig                    0x08001d60   Section        0  stm32f1xx_hal_rcc.o(i.HAL_RCC_ClockConfig)
    i.HAL_RCC_GetHCLKFreq                    0x08001eec   Section        0  stm32f1xx_hal_rcc.o(i.HAL_RCC_GetHCLKFreq)
    i.HAL_RCC_GetPCLK1Freq                   0x08001ef8   Section        0  stm32f1xx_hal_rcc.o(i.HAL_RCC_GetPCLK1Freq)
    i.HAL_RCC_GetPCLK2Freq                   0x08001f18   Section        0  stm32f1xx_hal_rcc.o(i.HAL_RCC_GetPCLK2Freq)
    i.HAL_RCC_GetSysClockFreq                0x08001f38   Section        0  stm32f1xx_hal_rcc.o(i.HAL_RCC_GetSysClockFreq)
    i.HAL_RCC_OscConfig                      0x08001fa8   Section        0  stm32f1xx_hal_rcc.o(i.HAL_RCC_OscConfig)
    i.HAL_RTCEx_BKUPRead                     0x0800240c   Section        0  stm32f1xx_hal_rtc_ex.o(i.HAL_RTCEx_BKUPRead)
    i.HAL_RTCEx_BKUPWrite                    0x08002424   Section        0  stm32f1xx_hal_rtc_ex.o(i.HAL_RTCEx_BKUPWrite)
    i.HAL_RTCEx_RTCEventCallback             0x0800243c   Section        0  stm32f1xx_hal_rtc_ex.o(i.HAL_RTCEx_RTCEventCallback)
    i.HAL_RTCEx_RTCEventErrorCallback        0x0800243e   Section        0  stm32f1xx_hal_rtc_ex.o(i.HAL_RTCEx_RTCEventErrorCallback)
    i.HAL_RTCEx_RTCIRQHandler                0x08002440   Section        0  stm32f1xx_hal_rtc_ex.o(i.HAL_RTCEx_RTCIRQHandler)
    i.HAL_RTC_AlarmAEventCallback            0x0800248e   Section        0  stm32f1xx_hal_rtc.o(i.HAL_RTC_AlarmAEventCallback)
    i.HAL_RTC_AlarmIRQHandler                0x08002490   Section        0  stm32f1xx_hal_rtc.o(i.HAL_RTC_AlarmIRQHandler)
    i.HAL_RTC_Init                           0x080024cc   Section        0  stm32f1xx_hal_rtc.o(i.HAL_RTC_Init)
    i.HAL_RTC_MspInit                        0x0800258c   Section        0  rtc.o(i.HAL_RTC_MspInit)
    i.HAL_RTC_WaitForSynchro                 0x080025ec   Section        0  stm32f1xx_hal_rtc.o(i.HAL_RTC_WaitForSynchro)
    i.HAL_SRAM_Init                          0x0800262c   Section        0  stm32f1xx_hal_sram.o(i.HAL_SRAM_Init)
    i.HAL_SRAM_MspInit                       0x08002692   Section        0  fsmc.o(i.HAL_SRAM_MspInit)
    i.HAL_SYSTICK_Config                     0x0800269c   Section        0  stm32f1xx_hal_cortex.o(i.HAL_SYSTICK_Config)
    i.HAL_TIMEx_BreakCallback                0x080026d0   Section        0  stm32f1xx_hal_tim_ex.o(i.HAL_TIMEx_BreakCallback)
    i.HAL_TIMEx_CommutCallback               0x080026d2   Section        0  stm32f1xx_hal_tim_ex.o(i.HAL_TIMEx_CommutCallback)
    i.HAL_TIMEx_MasterConfigSynchronization  0x080026d4   Section        0  stm32f1xx_hal_tim_ex.o(i.HAL_TIMEx_MasterConfigSynchronization)
    i.HAL_TIM_Base_Init                      0x08002770   Section        0  stm32f1xx_hal_tim.o(i.HAL_TIM_Base_Init)
    i.HAL_TIM_Base_MspInit                   0x080027d8   Section        0  tim.o(i.HAL_TIM_Base_MspInit)
    i.HAL_TIM_ConfigClockSource              0x08002840   Section        0  stm32f1xx_hal_tim.o(i.HAL_TIM_ConfigClockSource)
    i.HAL_TIM_IC_CaptureCallback             0x0800294c   Section        0  stm32f1xx_hal_tim.o(i.HAL_TIM_IC_CaptureCallback)
    i.HAL_TIM_IRQHandler                     0x0800294e   Section        0  stm32f1xx_hal_tim.o(i.HAL_TIM_IRQHandler)
    i.HAL_TIM_MspPostInit                    0x08002abc   Section        0  tim.o(i.HAL_TIM_MspPostInit)
    i.HAL_TIM_OC_DelayElapsedCallback        0x08002b14   Section        0  stm32f1xx_hal_tim.o(i.HAL_TIM_OC_DelayElapsedCallback)
    i.HAL_TIM_PWM_ConfigChannel              0x08002b16   Section        0  stm32f1xx_hal_tim.o(i.HAL_TIM_PWM_ConfigChannel)
    i.HAL_TIM_PWM_Init                       0x08002c1a   Section        0  stm32f1xx_hal_tim.o(i.HAL_TIM_PWM_Init)
    i.HAL_TIM_PWM_MspInit                    0x08002c80   Section        0  tim.o(i.HAL_TIM_PWM_MspInit)
    i.HAL_TIM_PWM_PulseFinishedCallback      0x08002cb0   Section        0  stm32f1xx_hal_tim.o(i.HAL_TIM_PWM_PulseFinishedCallback)
    i.HAL_TIM_PeriodElapsedCallback          0x08002cb2   Section        0  stm32f1xx_hal_tim.o(i.HAL_TIM_PeriodElapsedCallback)
    i.HAL_TIM_TriggerCallback                0x08002cb4   Section        0  stm32f1xx_hal_tim.o(i.HAL_TIM_TriggerCallback)
    i.HAL_UARTEx_RxEventCallback             0x08002cb6   Section        0  stm32f1xx_hal_uart.o(i.HAL_UARTEx_RxEventCallback)
    i.HAL_UART_ErrorCallback                 0x08002cb8   Section        0  stm32f1xx_hal_uart.o(i.HAL_UART_ErrorCallback)
    i.HAL_UART_IRQHandler                    0x08002cbc   Section        0  stm32f1xx_hal_uart.o(i.HAL_UART_IRQHandler)
    i.HAL_UART_Init                          0x08002fa0   Section        0  stm32f1xx_hal_uart.o(i.HAL_UART_Init)
    i.HAL_UART_MspInit                       0x08003018   Section        0  usart.o(i.HAL_UART_MspInit)
    i.HAL_UART_RxCpltCallback                0x08003120   Section        0  stm32f1xx_hal_uart.o(i.HAL_UART_RxCpltCallback)
    i.HAL_UART_Transmit                      0x08003122   Section        0  stm32f1xx_hal_uart.o(i.HAL_UART_Transmit)
    i.HAL_UART_TxCpltCallback                0x080031e0   Section        0  stm32f1xx_hal_uart.o(i.HAL_UART_TxCpltCallback)
    i.HardFault_Handler                      0x080031e2   Section        0  stm32f1xx_it.o(i.HardFault_Handler)
    i.KK_RTC_GetTime                         0x080031e8   Section        0  kk_rtc.o(i.KK_RTC_GetTime)
    i.KK_RTC_Init                            0x08003200   Section        0  kk_rtc.o(i.KK_RTC_Init)
    i.KK_RTC_SetTime                         0x08003250   Section        0  kk_rtc.o(i.KK_RTC_SetTime)
    i.Key0KeyLiteTask                        0x0800326c   Section        0  task_main.o(i.Key0KeyLiteTask)
    i.Key1KeyLiteTask                        0x08003360   Section        0  task_main.o(i.Key1KeyLiteTask)
    i.Key2KeyLiteTask                        0x08003448   Section        0  task_main.o(i.Key2KeyLiteTask)
    i.KeyLite_Init                           0x080034e0   Section        0  key.o(i.KeyLite_Init)
    i.KeyLite_Process                        0x080034f4   Section        0  key.o(i.KeyLite_Process)
    i.MX_ADC3_Init                           0x08003544   Section        0  adc.o(i.MX_ADC3_Init)
    i.MX_DMA_Init                            0x080035a4   Section        0  dma.o(i.MX_DMA_Init)
    i.MX_FSMC_Init                           0x08003614   Section        0  fsmc.o(i.MX_FSMC_Init)
    i.MX_GPIO_Init                           0x080036c8   Section        0  gpio.o(i.MX_GPIO_Init)
    i.MX_RTC_Init                            0x08003810   Section        0  rtc.o(i.MX_RTC_Init)
    i.MX_TIM2_Init                           0x08003830   Section        0  tim.o(i.MX_TIM2_Init)
    i.MX_TIM4_Init                           0x0800389c   Section        0  tim.o(i.MX_TIM4_Init)
    i.MX_TIM7_Init                           0x08003918   Section        0  tim.o(i.MX_TIM7_Init)
    i.MX_USART1_UART_Init                    0x08003964   Section        0  usart.o(i.MX_USART1_UART_Init)
    i.MainTask                               0x0800399c   Section        0  task_main.o(i.MainTask)
    i.MainTaskInit                           0x080039e4   Section        0  task_main.o(i.MainTaskInit)
    i.MemManage_Handler                      0x08003a48   Section        0  stm32f1xx_it.o(i.MemManage_Handler)
    i.NMI_Handler                            0x08003a4c   Section        0  stm32f1xx_it.o(i.NMI_Handler)
    i.PendSV_Handler                         0x08003a50   Section        0  stm32f1xx_it.o(i.PendSV_Handler)
    i.RCC_Delay                              0x08003a54   Section        0  stm32f1xx_hal_rcc.o(i.RCC_Delay)
    RCC_Delay                                0x08003a55   Thumb Code    36  stm32f1xx_hal_rcc.o(i.RCC_Delay)
    i.RTC_Alarm_IRQHandler                   0x08003a7c   Section        0  stm32f1xx_it.o(i.RTC_Alarm_IRQHandler)
    i.RTC_EnterInitMode                      0x08003a8c   Section        0  kk_rtc.o(i.RTC_EnterInitMode)
    RTC_EnterInitMode                        0x08003a8d   Thumb Code    58  kk_rtc.o(i.RTC_EnterInitMode)
    i.RTC_EnterInitMode                      0x08003ac6   Section        0  stm32f1xx_hal_rtc.o(i.RTC_EnterInitMode)
    RTC_EnterInitMode                        0x08003ac7   Thumb Code    58  stm32f1xx_hal_rtc.o(i.RTC_EnterInitMode)
    i.RTC_ExitInitMode                       0x08003b00   Section        0  kk_rtc.o(i.RTC_ExitInitMode)
    RTC_ExitInitMode                         0x08003b01   Thumb Code    58  kk_rtc.o(i.RTC_ExitInitMode)
    i.RTC_ExitInitMode                       0x08003b3a   Section        0  stm32f1xx_hal_rtc.o(i.RTC_ExitInitMode)
    RTC_ExitInitMode                         0x08003b3b   Thumb Code    58  stm32f1xx_hal_rtc.o(i.RTC_ExitInitMode)
    i.RTC_IRQHandler                         0x08003b74   Section        0  stm32f1xx_it.o(i.RTC_IRQHandler)
    i.RTC_ReadTimeCounter                    0x08003b84   Section        0  kk_rtc.o(i.RTC_ReadTimeCounter)
    RTC_ReadTimeCounter                      0x08003b85   Thumb Code    52  kk_rtc.o(i.RTC_ReadTimeCounter)
    i.RTC_WriteTimeCounter                   0x08003bb8   Section        0  kk_rtc.o(i.RTC_WriteTimeCounter)
    RTC_WriteTimeCounter                     0x08003bb9   Thumb Code    46  kk_rtc.o(i.RTC_WriteTimeCounter)
    i.SVC_Handler                            0x08003be6   Section        0  stm32f1xx_it.o(i.SVC_Handler)
    i.SysTick_Handler                        0x08003be8   Section        0  stm32f1xx_it.o(i.SysTick_Handler)
    i.SystemClock_Config                     0x08003bf0   Section        0  main.o(i.SystemClock_Config)
    i.SystemInit                             0x08003c7c   Section        0  system_stm32f1xx.o(i.SystemInit)
    i.TIM2_IRQHandler                        0x08003c80   Section        0  stm32f1xx_it.o(i.TIM2_IRQHandler)
    i.TIM_Base_SetConfig                     0x08003c90   Section        0  stm32f1xx_hal_tim.o(i.TIM_Base_SetConfig)
    i.TIM_ETR_SetConfig                      0x08003d3c   Section        0  stm32f1xx_hal_tim.o(i.TIM_ETR_SetConfig)
    i.TIM_ITRx_SetConfig                     0x08003d52   Section        0  stm32f1xx_hal_tim.o(i.TIM_ITRx_SetConfig)
    TIM_ITRx_SetConfig                       0x08003d53   Thumb Code    18  stm32f1xx_hal_tim.o(i.TIM_ITRx_SetConfig)
    i.TIM_OC1_SetConfig                      0x08003d64   Section        0  stm32f1xx_hal_tim.o(i.TIM_OC1_SetConfig)
    TIM_OC1_SetConfig                        0x08003d65   Thumb Code   104  stm32f1xx_hal_tim.o(i.TIM_OC1_SetConfig)
    i.TIM_OC2_SetConfig                      0x08003dd4   Section        0  stm32f1xx_hal_tim.o(i.TIM_OC2_SetConfig)
    i.TIM_OC3_SetConfig                      0x08003e50   Section        0  stm32f1xx_hal_tim.o(i.TIM_OC3_SetConfig)
    TIM_OC3_SetConfig                        0x08003e51   Thumb Code   112  stm32f1xx_hal_tim.o(i.TIM_OC3_SetConfig)
    i.TIM_OC4_SetConfig                      0x08003ec8   Section        0  stm32f1xx_hal_tim.o(i.TIM_OC4_SetConfig)
    TIM_OC4_SetConfig                        0x08003ec9   Thumb Code    74  stm32f1xx_hal_tim.o(i.TIM_OC4_SetConfig)
    i.TIM_TI1_ConfigInputStage               0x08003f1c   Section        0  stm32f1xx_hal_tim.o(i.TIM_TI1_ConfigInputStage)
    TIM_TI1_ConfigInputStage                 0x08003f1d   Thumb Code    38  stm32f1xx_hal_tim.o(i.TIM_TI1_ConfigInputStage)
    i.TIM_TI2_ConfigInputStage               0x08003f42   Section        0  stm32f1xx_hal_tim.o(i.TIM_TI2_ConfigInputStage)
    TIM_TI2_ConfigInputStage                 0x08003f43   Thumb Code    40  stm32f1xx_hal_tim.o(i.TIM_TI2_ConfigInputStage)
    i.UART_DMAAbortOnError                   0x08003f6a   Section        0  stm32f1xx_hal_uart.o(i.UART_DMAAbortOnError)
    UART_DMAAbortOnError                     0x08003f6b   Thumb Code    20  stm32f1xx_hal_uart.o(i.UART_DMAAbortOnError)
    i.UART_EndRxTransfer                     0x08003f7e   Section        0  stm32f1xx_hal_uart.o(i.UART_EndRxTransfer)
    UART_EndRxTransfer                       0x08003f7f   Thumb Code   108  stm32f1xx_hal_uart.o(i.UART_EndRxTransfer)
    i.UART_EndTransmit_IT                    0x08003fea   Section        0  stm32f1xx_hal_uart.o(i.UART_EndTransmit_IT)
    UART_EndTransmit_IT                      0x08003feb   Thumb Code    32  stm32f1xx_hal_uart.o(i.UART_EndTransmit_IT)
    i.UART_Receive_IT                        0x0800400a   Section        0  stm32f1xx_hal_uart.o(i.UART_Receive_IT)
    UART_Receive_IT                          0x0800400b   Thumb Code   252  stm32f1xx_hal_uart.o(i.UART_Receive_IT)
    i.UART_SetConfig                         0x08004108   Section        0  stm32f1xx_hal_uart.o(i.UART_SetConfig)
    UART_SetConfig                           0x08004109   Thumb Code   248  stm32f1xx_hal_uart.o(i.UART_SetConfig)
    i.UART_Transmit_IT                       0x08004204   Section        0  stm32f1xx_hal_uart.o(i.UART_Transmit_IT)
    UART_Transmit_IT                         0x08004205   Thumb Code    96  stm32f1xx_hal_uart.o(i.UART_Transmit_IT)
    i.UART_WaitOnFlagUntilTimeout            0x08004264   Section        0  stm32f1xx_hal_uart.o(i.UART_WaitOnFlagUntilTimeout)
    UART_WaitOnFlagUntilTimeout              0x08004265   Thumb Code   140  stm32f1xx_hal_uart.o(i.UART_WaitOnFlagUntilTimeout)
    i.USART1_IRQHandler                      0x080042f0   Section        0  stm32f1xx_it.o(i.USART1_IRQHandler)
    i.UsageFault_Handler                     0x08004300   Section        0  stm32f1xx_it.o(i.UsageFault_Handler)
    i.__0sprintf$6                           0x08004304   Section        0  printf6.o(i.__0sprintf$6)
    i.__NVIC_GetPriorityGrouping             0x0800432c   Section        0  stm32f1xx_hal_cortex.o(i.__NVIC_GetPriorityGrouping)
    __NVIC_GetPriorityGrouping               0x0800432d   Thumb Code    10  stm32f1xx_hal_cortex.o(i.__NVIC_GetPriorityGrouping)
    i.__NVIC_SetPriority                     0x0800433c   Section        0  stm32f1xx_hal_cortex.o(i.__NVIC_SetPriority)
    __NVIC_SetPriority                       0x0800433d   Thumb Code    32  stm32f1xx_hal_cortex.o(i.__NVIC_SetPriority)
    i.__scatterload_copy                     0x08004364   Section       14  handlers.o(i.__scatterload_copy)
    i.__scatterload_null                     0x08004372   Section        2  handlers.o(i.__scatterload_null)
    i.__scatterload_zeroinit                 0x08004374   Section       14  handlers.o(i.__scatterload_zeroinit)
    i._printf_core                           0x08004384   Section        0  printf6.o(i._printf_core)
    _printf_core                             0x08004385   Thumb Code   748  printf6.o(i._printf_core)
    i._printf_post_padding                   0x08004674   Section        0  printf6.o(i._printf_post_padding)
    _printf_post_padding                     0x08004675   Thumb Code    36  printf6.o(i._printf_post_padding)
    i._printf_pre_padding                    0x08004698   Section        0  printf6.o(i._printf_pre_padding)
    _printf_pre_padding                      0x08004699   Thumb Code    46  printf6.o(i._printf_pre_padding)
    i._sputc                                 0x080046c6   Section        0  printf6.o(i._sputc)
    _sputc                                   0x080046c7   Thumb Code    10  printf6.o(i._sputc)
    i.automode_init                          0x080046d0   Section        0  task_automode.o(i.automode_init)
    i.automode_task                          0x080046ec   Section        0  task_automode.o(i.automode_task)
    i.delay_ms                               0x08004740   Section        0  main.o(i.delay_ms)
    i.lcd_clear                              0x08004758   Section        0  lcd.o(i.lcd_clear)
    i.lcd_display_dir                        0x0800478c   Section        0  lcd.o(i.lcd_display_dir)
    i.lcd_draw_line                          0x080048bc   Section        0  lcd.o(i.lcd_draw_line)
    i.lcd_draw_point                         0x08004968   Section        0  lcd.o(i.lcd_draw_point)
    i.lcd_ex_ili9341_reginit                 0x08004988   Section        0  lcd.o(i.lcd_ex_ili9341_reginit)
    i.lcd_ex_nt35310_reginit                 0x08004bb4   Section        0  lcd.o(i.lcd_ex_nt35310_reginit)
    i.lcd_ex_nt35510_reginit                 0x08005aa6   Section        0  lcd.o(i.lcd_ex_nt35510_reginit)
    i.lcd_ex_ssd1963_reginit                 0x080069a2   Section        0  lcd.o(i.lcd_ex_ssd1963_reginit)
    i.lcd_ex_st7789_reginit                  0x08006b10   Section        0  lcd.o(i.lcd_ex_st7789_reginit)
    i.lcd_fill                               0x08006cb8   Section        0  lcd.o(i.lcd_fill)
    i.lcd_init                               0x08006d0c   Section        0  lcd.o(i.lcd_init)
    i.lcd_opt_delay                          0x080070a0   Section        0  lcd.o(i.lcd_opt_delay)
    lcd_opt_delay                            0x080070a1   Thumb Code    12  lcd.o(i.lcd_opt_delay)
    i.lcd_rd_data                            0x080070ac   Section        0  lcd.o(i.lcd_rd_data)
    lcd_rd_data                              0x080070ad   Thumb Code    20  lcd.o(i.lcd_rd_data)
    i.lcd_scan_dir                           0x080070c4   Section        0  lcd.o(i.lcd_scan_dir)
    i.lcd_set_cursor                         0x080072f4   Section        0  lcd.o(i.lcd_set_cursor)
    i.lcd_show_char                          0x08007414   Section        0  lcd.o(i.lcd_show_char)
    i.lcd_show_string                        0x08007554   Section        0  lcd.o(i.lcd_show_string)
    i.lcd_ssd_backlight_set                  0x080075c0   Section        0  lcd.o(i.lcd_ssd_backlight_set)
    i.lcd_wr_data                            0x08007614   Section        0  lcd.o(i.lcd_wr_data)
    i.lcd_wr_regno                           0x0800762c   Section        0  lcd.o(i.lcd_wr_regno)
    i.lcd_write_ram_prepare                  0x08007644   Section        0  lcd.o(i.lcd_write_ram_prepare)
    i.lcd_write_reg                          0x08007658   Section        0  lcd.o(i.lcd_write_reg)
    i.main                                   0x08007668   Section        0  main.o(i.main)
    i.showCursor                             0x08007714   Section        0  task_main.o(i.showCursor)
    i.showTime                               0x08007770   Section        0  task_main.o(i.showTime)
    .constdata                               0x0800786c   Section       44  kk_rtc.o(.constdata)
    .constdata                               0x08007898   Section    15392  lcd.o(.constdata)
    .constdata                               0x0800b4b8   Section       18  stm32f1xx_hal_rcc.o(.constdata)
    aPLLMULFactorTable                       0x0800b4b8   Data          16  stm32f1xx_hal_rcc.o(.constdata)
    aPredivFactorTable                       0x0800b4c8   Data           2  stm32f1xx_hal_rcc.o(.constdata)
    .constdata                               0x0800b4ca   Section       18  stm32f1xx_hal_rcc_ex.o(.constdata)
    aPLLMULFactorTable                       0x0800b4ca   Data          16  stm32f1xx_hal_rcc_ex.o(.constdata)
    aPredivFactorTable                       0x0800b4da   Data           2  stm32f1xx_hal_rcc_ex.o(.constdata)
    .constdata                               0x0800b4dc   Section       24  system_stm32f1xx.o(.constdata)
    .constdata                               0x0800b4f4   Section       12  mktime.o(.constdata)
    monlen                                   0x0800b4f4   Data          12  mktime.o(.constdata)
    .constdata                               0x0800b500   Section       12  localtime_i.o(.constdata)
    monlen                                   0x0800b500   Data          12  localtime_i.o(.constdata)
    .data                                    0x20000000   Section        8  main.o(.data)
    .data                                    0x20000008   Section        8  fsmc.o(.data)
    FSMC_Initialized                         0x20000008   Data           4  fsmc.o(.data)
    FSMC_DeInitialized                       0x2000000c   Data           4  fsmc.o(.data)
    .data                                    0x20000010   Section      124  task_main.o(.data)
    startTime                                0x20000088   Data           4  task_main.o(.data)
    .data                                    0x2000008c   Section        1  task_automode.o(.data)
    current_mode                             0x2000008c   Data           1  task_automode.o(.data)
    .data                                    0x20000090   Section        8  lcd.o(.data)
    .data                                    0x20000098   Section        9  stm32f1xx_hal.o(.data)
    .data                                    0x200000a4   Section        4  system_stm32f1xx.o(.data)
    .bss                                     0x200000a8   Section      116  adc.o(.bss)
    .bss                                     0x2000011c   Section       72  fsmc.o(.bss)
    .bss                                     0x20000164   Section       20  rtc.o(.bss)
    .bss                                     0x20000178   Section      216  tim.o(.bss)
    .bss                                     0x20000250   Section      208  usart.o(.bss)
    .bss                                     0x20000320   Section      104  task_main.o(.bss)
    .bss                                     0x20000388   Section       86  lcd.o(.bss)
    .bss                                     0x200003e0   Section       44  localtime_w.o(.bss)
    _tms                                     0x200003e0   Data          44  localtime_w.o(.bss)
    STACK                                    0x20000410   Section     4096  startup_stm32f103xe.o(STACK)

    Global Symbols

    Symbol Name                              Value     Ov Type        Size  Object(Section)

    BuildAttributes$$THM_ISAv4$P$D$K$B$S$PE$A:L22UL41UL21$X:L11$S22US41US21$IEEE1$IW$USESV6$~STKCKD$USESV7$~SHL$OSPACE$ROPI$EBA8$MICROLIB$REQ8$PRES8$EABIv2 0x00000000   Number         0  anon$$obj.o ABSOLUTE
    __ARM_use_no_argv                        0x00000000   Number         0  main.o ABSOLUTE
    _printf_a                                0x00000000   Number         0  stubs.o ABSOLUTE
    _printf_c                                0x00000000   Number         0  stubs.o ABSOLUTE
    _printf_charcount                        0x00000000   Number         0  stubs.o ABSOLUTE
    _printf_d                                0x00000000   Number         0  stubs.o ABSOLUTE
    _printf_e                                0x00000000   Number         0  stubs.o ABSOLUTE
    _printf_f                                0x00000000   Number         0  stubs.o ABSOLUTE
    _printf_flags                            0x00000000   Number         0  stubs.o ABSOLUTE
    _printf_fp_dec                           0x00000000   Number         0  stubs.o ABSOLUTE
    _printf_fp_hex                           0x00000000   Number         0  stubs.o ABSOLUTE
    _printf_g                                0x00000000   Number         0  stubs.o ABSOLUTE
    _printf_i                                0x00000000   Number         0  stubs.o ABSOLUTE
    _printf_int_dec                          0x00000000   Number         0  stubs.o ABSOLUTE
    _printf_l                                0x00000000   Number         0  stubs.o ABSOLUTE
    _printf_lc                               0x00000000   Number         0  stubs.o ABSOLUTE
    _printf_ll                               0x00000000   Number         0  stubs.o ABSOLUTE
    _printf_lld                              0x00000000   Number         0  stubs.o ABSOLUTE
    _printf_lli                              0x00000000   Number         0  stubs.o ABSOLUTE
    _printf_llo                              0x00000000   Number         0  stubs.o ABSOLUTE
    _printf_llu                              0x00000000   Number         0  stubs.o ABSOLUTE
    _printf_llx                              0x00000000   Number         0  stubs.o ABSOLUTE
    _printf_longlong_dec                     0x00000000   Number         0  stubs.o ABSOLUTE
    _printf_longlong_hex                     0x00000000   Number         0  stubs.o ABSOLUTE
    _printf_longlong_oct                     0x00000000   Number         0  stubs.o ABSOLUTE
    _printf_ls                               0x00000000   Number         0  stubs.o ABSOLUTE
    _printf_mbtowc                           0x00000000   Number         0  stubs.o ABSOLUTE
    _printf_n                                0x00000000   Number         0  stubs.o ABSOLUTE
    _printf_o                                0x00000000   Number         0  stubs.o ABSOLUTE
    _printf_p                                0x00000000   Number         0  stubs.o ABSOLUTE
    _printf_percent                          0x00000000   Number         0  stubs.o ABSOLUTE
    _printf_pre_padding                      0x00000000   Number         0  stubs.o ABSOLUTE
    _printf_return_value                     0x00000000   Number         0  stubs.o ABSOLUTE
    _printf_s                                0x00000000   Number         0  stubs.o ABSOLUTE
    _printf_sizespec                         0x00000000   Number         0  stubs.o ABSOLUTE
    _printf_str                              0x00000000   Number         0  stubs.o ABSOLUTE
    _printf_truncate_signed                  0x00000000   Number         0  stubs.o ABSOLUTE
    _printf_truncate_unsigned                0x00000000   Number         0  stubs.o ABSOLUTE
    _printf_u                                0x00000000   Number         0  stubs.o ABSOLUTE
    _printf_wc                               0x00000000   Number         0  stubs.o ABSOLUTE
    _printf_wctomb                           0x00000000   Number         0  stubs.o ABSOLUTE
    _printf_widthprec                        0x00000000   Number         0  stubs.o ABSOLUTE
    _printf_x                                0x00000000   Number         0  stubs.o ABSOLUTE
    __cpp_initialize__aeabi_                  - Undefined Weak Reference
    __cxa_finalize                            - Undefined Weak Reference
    __decompress                              - Undefined Weak Reference
    _clock_init                               - Undefined Weak Reference
    _microlib_exit                            - Undefined Weak Reference
    __Vectors_Size                           0x00000130   Number         0  startup_stm32f103xe.o ABSOLUTE
    __Vectors                                0x08000000   Data           4  startup_stm32f103xe.o(RESET)
    __Vectors_End                            0x08000130   Data           0  startup_stm32f103xe.o(RESET)
    __main                                   0x08000131   Thumb Code     0  entry.o(.ARM.Collect$$$$00000000)
    _main_stk                                0x08000131   Thumb Code     0  entry2.o(.ARM.Collect$$$$00000001)
    _main_scatterload                        0x08000135   Thumb Code     0  entry5.o(.ARM.Collect$$$$00000004)
    __main_after_scatterload                 0x08000139   Thumb Code     0  entry5.o(.ARM.Collect$$$$00000004)
    _main_clock                              0x08000139   Thumb Code     0  entry7b.o(.ARM.Collect$$$$00000008)
    _main_cpp_init                           0x08000139   Thumb Code     0  entry8b.o(.ARM.Collect$$$$0000000A)
    _main_init                               0x08000139   Thumb Code     0  entry9a.o(.ARM.Collect$$$$0000000B)
    __rt_final_cpp                           0x08000141   Thumb Code     0  entry10a.o(.ARM.Collect$$$$0000000D)
    __rt_final_exit                          0x08000141   Thumb Code     0  entry11a.o(.ARM.Collect$$$$0000000F)
    Reset_Handler                            0x08000145   Thumb Code     8  startup_stm32f103xe.o(.text)
    ADC1_2_IRQHandler                        0x0800015f   Thumb Code     0  startup_stm32f103xe.o(.text)
    CAN1_RX1_IRQHandler                      0x0800015f   Thumb Code     0  startup_stm32f103xe.o(.text)
    CAN1_SCE_IRQHandler                      0x0800015f   Thumb Code     0  startup_stm32f103xe.o(.text)
    DMA1_Channel1_IRQHandler                 0x0800015f   Thumb Code     0  startup_stm32f103xe.o(.text)
    DMA1_Channel2_IRQHandler                 0x0800015f   Thumb Code     0  startup_stm32f103xe.o(.text)
    DMA1_Channel3_IRQHandler                 0x0800015f   Thumb Code     0  startup_stm32f103xe.o(.text)
    DMA1_Channel6_IRQHandler                 0x0800015f   Thumb Code     0  startup_stm32f103xe.o(.text)
    DMA1_Channel7_IRQHandler                 0x0800015f   Thumb Code     0  startup_stm32f103xe.o(.text)
    DMA2_Channel1_IRQHandler                 0x0800015f   Thumb Code     0  startup_stm32f103xe.o(.text)
    DMA2_Channel2_IRQHandler                 0x0800015f   Thumb Code     0  startup_stm32f103xe.o(.text)
    DMA2_Channel3_IRQHandler                 0x0800015f   Thumb Code     0  startup_stm32f103xe.o(.text)
    EXTI0_IRQHandler                         0x0800015f   Thumb Code     0  startup_stm32f103xe.o(.text)
    EXTI15_10_IRQHandler                     0x0800015f   Thumb Code     0  startup_stm32f103xe.o(.text)
    EXTI1_IRQHandler                         0x0800015f   Thumb Code     0  startup_stm32f103xe.o(.text)
    EXTI2_IRQHandler                         0x0800015f   Thumb Code     0  startup_stm32f103xe.o(.text)
    EXTI3_IRQHandler                         0x0800015f   Thumb Code     0  startup_stm32f103xe.o(.text)
    EXTI4_IRQHandler                         0x0800015f   Thumb Code     0  startup_stm32f103xe.o(.text)
    EXTI9_5_IRQHandler                       0x0800015f   Thumb Code     0  startup_stm32f103xe.o(.text)
    FLASH_IRQHandler                         0x0800015f   Thumb Code     0  startup_stm32f103xe.o(.text)
    FSMC_IRQHandler                          0x0800015f   Thumb Code     0  startup_stm32f103xe.o(.text)
    I2C1_ER_IRQHandler                       0x0800015f   Thumb Code     0  startup_stm32f103xe.o(.text)
    I2C1_EV_IRQHandler                       0x0800015f   Thumb Code     0  startup_stm32f103xe.o(.text)
    I2C2_ER_IRQHandler                       0x0800015f   Thumb Code     0  startup_stm32f103xe.o(.text)
    I2C2_EV_IRQHandler                       0x0800015f   Thumb Code     0  startup_stm32f103xe.o(.text)
    PVD_IRQHandler                           0x0800015f   Thumb Code     0  startup_stm32f103xe.o(.text)
    RCC_IRQHandler                           0x0800015f   Thumb Code     0  startup_stm32f103xe.o(.text)
    SDIO_IRQHandler                          0x0800015f   Thumb Code     0  startup_stm32f103xe.o(.text)
    SPI1_IRQHandler                          0x0800015f   Thumb Code     0  startup_stm32f103xe.o(.text)
    SPI2_IRQHandler                          0x0800015f   Thumb Code     0  startup_stm32f103xe.o(.text)
    SPI3_IRQHandler                          0x0800015f   Thumb Code     0  startup_stm32f103xe.o(.text)
    TAMPER_IRQHandler                        0x0800015f   Thumb Code     0  startup_stm32f103xe.o(.text)
    TIM1_BRK_IRQHandler                      0x0800015f   Thumb Code     0  startup_stm32f103xe.o(.text)
    TIM1_CC_IRQHandler                       0x0800015f   Thumb Code     0  startup_stm32f103xe.o(.text)
    TIM1_TRG_COM_IRQHandler                  0x0800015f   Thumb Code     0  startup_stm32f103xe.o(.text)
    TIM1_UP_IRQHandler                       0x0800015f   Thumb Code     0  startup_stm32f103xe.o(.text)
    TIM3_IRQHandler                          0x0800015f   Thumb Code     0  startup_stm32f103xe.o(.text)
    TIM4_IRQHandler                          0x0800015f   Thumb Code     0  startup_stm32f103xe.o(.text)
    TIM5_IRQHandler                          0x0800015f   Thumb Code     0  startup_stm32f103xe.o(.text)
    TIM6_IRQHandler                          0x0800015f   Thumb Code     0  startup_stm32f103xe.o(.text)
    TIM7_IRQHandler                          0x0800015f   Thumb Code     0  startup_stm32f103xe.o(.text)
    TIM8_BRK_IRQHandler                      0x0800015f   Thumb Code     0  startup_stm32f103xe.o(.text)
    TIM8_CC_IRQHandler                       0x0800015f   Thumb Code     0  startup_stm32f103xe.o(.text)
    TIM8_TRG_COM_IRQHandler                  0x0800015f   Thumb Code     0  startup_stm32f103xe.o(.text)
    TIM8_UP_IRQHandler                       0x0800015f   Thumb Code     0  startup_stm32f103xe.o(.text)
    UART4_IRQHandler                         0x0800015f   Thumb Code     0  startup_stm32f103xe.o(.text)
    UART5_IRQHandler                         0x0800015f   Thumb Code     0  startup_stm32f103xe.o(.text)
    USART2_IRQHandler                        0x0800015f   Thumb Code     0  startup_stm32f103xe.o(.text)
    USART3_IRQHandler                        0x0800015f   Thumb Code     0  startup_stm32f103xe.o(.text)
    USBWakeUp_IRQHandler                     0x0800015f   Thumb Code     0  startup_stm32f103xe.o(.text)
    USB_HP_CAN1_TX_IRQHandler                0x0800015f   Thumb Code     0  startup_stm32f103xe.o(.text)
    USB_LP_CAN1_RX0_IRQHandler               0x0800015f   Thumb Code     0  startup_stm32f103xe.o(.text)
    WWDG_IRQHandler                          0x0800015f   Thumb Code     0  startup_stm32f103xe.o(.text)
    __aeabi_llsr                             0x08000169   Thumb Code    32  llushr.o(.text)
    _ll_ushift_r                             0x08000169   Thumb Code     0  llushr.o(.text)
    mktime                                   0x08000189   Thumb Code   150  mktime.o(.text)
    __aeabi_memcpy                           0x08000231   Thumb Code    36  memcpya.o(.text)
    __aeabi_memcpy4                          0x08000231   Thumb Code     0  memcpya.o(.text)
    __aeabi_memcpy8                          0x08000231   Thumb Code     0  memcpya.o(.text)
    __aeabi_memset                           0x08000255   Thumb Code    14  memseta.o(.text)
    __aeabi_memset4                          0x08000255   Thumb Code     0  memseta.o(.text)
    __aeabi_memset8                          0x08000255   Thumb Code     0  memseta.o(.text)
    __aeabi_memclr                           0x08000263   Thumb Code     4  memseta.o(.text)
    __aeabi_memclr4                          0x08000263   Thumb Code     0  memseta.o(.text)
    __aeabi_memclr8                          0x08000263   Thumb Code     0  memseta.o(.text)
    _memset$wrapper                          0x08000267   Thumb Code    18  memseta.o(.text)
    strlen                                   0x08000279   Thumb Code    14  strlen.o(.text)
    __aeabi_dmul                             0x08000287   Thumb Code   228  dmul.o(.text)
    __aeabi_ui2d                             0x0800036b   Thumb Code    26  dfltui.o(.text)
    __aeabi_d2uiz                            0x08000385   Thumb Code    50  dfixui.o(.text)
    __aeabi_uidiv                            0x080003b7   Thumb Code     0  uidiv.o(.text)
    __aeabi_uidivmod                         0x080003b7   Thumb Code    44  uidiv.o(.text)
    localtime                                0x080003e5   Thumb Code     6  localtime_w.o(.text)
    _localtime                               0x080003f1   Thumb Code   134  localtime_i.o(.text)
    __I$use$fp                               0x0800047d   Thumb Code     0  iusefp.o(.text)
    _double_round                            0x0800047d   Thumb Code    30  depilogue.o(.text)
    _double_epilogue                         0x0800049b   Thumb Code   156  depilogue.o(.text)
    __scatterload                            0x08000539   Thumb Code    28  init.o(.text)
    __scatterload_rt2                        0x08000539   Thumb Code     0  init.o(.text)
    __aeabi_llsl                             0x0800055d   Thumb Code    30  llshl.o(.text)
    _ll_shift_l                              0x0800055d   Thumb Code     0  llshl.o(.text)
    ADC3_IRQHandler                          0x0800057d   Thumb Code    10  stm32f1xx_it.o(i.ADC3_IRQHandler)
    ADC_ConversionStop_Disable               0x0800058d   Thumb Code    92  stm32f1xx_hal_adc.o(i.ADC_ConversionStop_Disable)
    ADC_DMAConvCplt                          0x080005e9   Thumb Code    82  stm32f1xx_hal_adc.o(i.ADC_DMAConvCplt)
    ADC_DMAError                             0x0800063b   Thumb Code    30  stm32f1xx_hal_adc.o(i.ADC_DMAError)
    ADC_DMAHalfConvCplt                      0x08000659   Thumb Code    14  stm32f1xx_hal_adc.o(i.ADC_DMAHalfConvCplt)
    ADC_Enable                               0x08000669   Thumb Code   134  stm32f1xx_hal_adc.o(i.ADC_Enable)
    BusFault_Handler                         0x080006f9   Thumb Code     4  stm32f1xx_it.o(i.BusFault_Handler)
    DMA1_Channel4_IRQHandler                 0x080006fd   Thumb Code    10  stm32f1xx_it.o(i.DMA1_Channel4_IRQHandler)
    DMA1_Channel5_IRQHandler                 0x0800070d   Thumb Code    10  stm32f1xx_it.o(i.DMA1_Channel5_IRQHandler)
    DMA2_Channel4_5_IRQHandler               0x0800071d   Thumb Code    10  stm32f1xx_it.o(i.DMA2_Channel4_5_IRQHandler)
    DebugMon_Handler                         0x08000759   Thumb Code     2  stm32f1xx_it.o(i.DebugMon_Handler)
    Error_Handler                            0x0800075b   Thumb Code     6  main.o(i.Error_Handler)
    FSMC_NORSRAM_Extended_Timing_Init        0x08000761   Thumb Code    62  stm32f1xx_ll_fsmc.o(i.FSMC_NORSRAM_Extended_Timing_Init)
    FSMC_NORSRAM_Init                        0x080007a5   Thumb Code   116  stm32f1xx_ll_fsmc.o(i.FSMC_NORSRAM_Init)
    FSMC_NORSRAM_Timing_Init                 0x0800081d   Thumb Code    54  stm32f1xx_ll_fsmc.o(i.FSMC_NORSRAM_Timing_Init)
    HAL_ADCEx_InjectedConvCpltCallback       0x08000853   Thumb Code     2  stm32f1xx_hal_adc_ex.o(i.HAL_ADCEx_InjectedConvCpltCallback)
    HAL_ADC_ConfigChannel                    0x08000855   Thumb Code   338  stm32f1xx_hal_adc.o(i.HAL_ADC_ConfigChannel)
    HAL_ADC_ConvCpltCallback                 0x080009b5   Thumb Code     2  stm32f1xx_hal_adc.o(i.HAL_ADC_ConvCpltCallback)
    HAL_ADC_ConvHalfCpltCallback             0x080009b7   Thumb Code     2  stm32f1xx_hal_adc.o(i.HAL_ADC_ConvHalfCpltCallback)
    HAL_ADC_ErrorCallback                    0x080009b9   Thumb Code     2  stm32f1xx_hal_adc.o(i.HAL_ADC_ErrorCallback)
    HAL_ADC_IRQHandler                       0x080009bb   Thumb Code   274  stm32f1xx_hal_adc.o(i.HAL_ADC_IRQHandler)
    HAL_ADC_Init                             0x08000acd   Thumb Code   340  stm32f1xx_hal_adc.o(i.HAL_ADC_Init)
    HAL_ADC_LevelOutOfWindowCallback         0x08000c2d   Thumb Code     2  stm32f1xx_hal_adc.o(i.HAL_ADC_LevelOutOfWindowCallback)
    HAL_ADC_MspInit                          0x08000c31   Thumb Code   170  adc.o(i.HAL_ADC_MspInit)
    HAL_ADC_Start_DMA                        0x08000cf1   Thumb Code   362  stm32f1xx_hal_adc.o(i.HAL_ADC_Start_DMA)
    HAL_DMA_Abort                            0x08000e71   Thumb Code    86  stm32f1xx_hal_dma.o(i.HAL_DMA_Abort)
    HAL_DMA_Abort_IT                         0x08000ec9   Thumb Code   414  stm32f1xx_hal_dma.o(i.HAL_DMA_Abort_IT)
    HAL_DMA_IRQHandler                       0x08001071   Thumb Code   910  stm32f1xx_hal_dma.o(i.HAL_DMA_IRQHandler)
    HAL_DMA_Init                             0x08001409   Thumb Code   132  stm32f1xx_hal_dma.o(i.HAL_DMA_Init)
    HAL_DMA_Start_IT                         0x08001495   Thumb Code   156  stm32f1xx_hal_dma.o(i.HAL_DMA_Start_IT)
    HAL_Delay                                0x08001531   Thumb Code    36  stm32f1xx_hal.o(i.HAL_Delay)
    HAL_GPIO_Init                            0x080015ed   Thumb Code   792  stm32f1xx_hal_gpio.o(i.HAL_GPIO_Init)
    HAL_GPIO_ReadPin                         0x0800192d   Thumb Code    16  stm32f1xx_hal_gpio.o(i.HAL_GPIO_ReadPin)
    HAL_GPIO_TogglePin                       0x0800193d   Thumb Code    20  stm32f1xx_hal_gpio.o(i.HAL_GPIO_TogglePin)
    HAL_GPIO_WritePin                        0x08001951   Thumb Code    12  stm32f1xx_hal_gpio.o(i.HAL_GPIO_WritePin)
    HAL_GetTick                              0x0800195d   Thumb Code     6  stm32f1xx_hal.o(i.HAL_GetTick)
    HAL_IncTick                              0x08001969   Thumb Code    16  stm32f1xx_hal.o(i.HAL_IncTick)
    HAL_Init                                 0x08001981   Thumb Code    34  stm32f1xx_hal.o(i.HAL_Init)
    HAL_InitTick                             0x080019a9   Thumb Code    64  stm32f1xx_hal.o(i.HAL_InitTick)
    HAL_MspInit                              0x080019f5   Thumb Code    76  stm32f1xx_hal_msp.o(i.HAL_MspInit)
    HAL_NVIC_EnableIRQ                       0x08001a49   Thumb Code    32  stm32f1xx_hal_cortex.o(i.HAL_NVIC_EnableIRQ)
    HAL_NVIC_SetPriority                     0x08001a69   Thumb Code   124  stm32f1xx_hal_cortex.o(i.HAL_NVIC_SetPriority)
    HAL_NVIC_SetPriorityGrouping             0x08001ae5   Thumb Code    32  stm32f1xx_hal_cortex.o(i.HAL_NVIC_SetPriorityGrouping)
    HAL_PWR_EnableBkUpAccess                 0x08001b0d   Thumb Code     8  stm32f1xx_hal_pwr.o(i.HAL_PWR_EnableBkUpAccess)
    HAL_RCCEx_GetPeriphCLKFreq               0x08001b19   Thumb Code   260  stm32f1xx_hal_rcc_ex.o(i.HAL_RCCEx_GetPeriphCLKFreq)
    HAL_RCCEx_PeriphCLKConfig                0x08001c31   Thumb Code   290  stm32f1xx_hal_rcc_ex.o(i.HAL_RCCEx_PeriphCLKConfig)
    HAL_RCC_ClockConfig                      0x08001d61   Thumb Code   376  stm32f1xx_hal_rcc.o(i.HAL_RCC_ClockConfig)
    HAL_RCC_GetHCLKFreq                      0x08001eed   Thumb Code     6  stm32f1xx_hal_rcc.o(i.HAL_RCC_GetHCLKFreq)
    HAL_RCC_GetPCLK1Freq                     0x08001ef9   Thumb Code    22  stm32f1xx_hal_rcc.o(i.HAL_RCC_GetPCLK1Freq)
    HAL_RCC_GetPCLK2Freq                     0x08001f19   Thumb Code    22  stm32f1xx_hal_rcc.o(i.HAL_RCC_GetPCLK2Freq)
    HAL_RCC_GetSysClockFreq                  0x08001f39   Thumb Code    92  stm32f1xx_hal_rcc.o(i.HAL_RCC_GetSysClockFreq)
    HAL_RCC_OscConfig                        0x08001fa9   Thumb Code  1114  stm32f1xx_hal_rcc.o(i.HAL_RCC_OscConfig)
    HAL_RTCEx_BKUPRead                       0x0800240d   Thumb Code    20  stm32f1xx_hal_rtc_ex.o(i.HAL_RTCEx_BKUPRead)
    HAL_RTCEx_BKUPWrite                      0x08002425   Thumb Code    18  stm32f1xx_hal_rtc_ex.o(i.HAL_RTCEx_BKUPWrite)
    HAL_RTCEx_RTCEventCallback               0x0800243d   Thumb Code     2  stm32f1xx_hal_rtc_ex.o(i.HAL_RTCEx_RTCEventCallback)
    HAL_RTCEx_RTCEventErrorCallback          0x0800243f   Thumb Code     2  stm32f1xx_hal_rtc_ex.o(i.HAL_RTCEx_RTCEventErrorCallback)
    HAL_RTCEx_RTCIRQHandler                  0x08002441   Thumb Code    78  stm32f1xx_hal_rtc_ex.o(i.HAL_RTCEx_RTCIRQHandler)
    HAL_RTC_AlarmAEventCallback              0x0800248f   Thumb Code     2  stm32f1xx_hal_rtc.o(i.HAL_RTC_AlarmAEventCallback)
    HAL_RTC_AlarmIRQHandler                  0x08002491   Thumb Code    56  stm32f1xx_hal_rtc.o(i.HAL_RTC_AlarmIRQHandler)
    HAL_RTC_Init                             0x080024cd   Thumb Code   188  stm32f1xx_hal_rtc.o(i.HAL_RTC_Init)
    HAL_RTC_MspInit                          0x0800258d   Thumb Code    84  rtc.o(i.HAL_RTC_MspInit)
    HAL_RTC_WaitForSynchro                   0x080025ed   Thumb Code    64  stm32f1xx_hal_rtc.o(i.HAL_RTC_WaitForSynchro)
    HAL_SRAM_Init                            0x0800262d   Thumb Code   102  stm32f1xx_hal_sram.o(i.HAL_SRAM_Init)
    HAL_SRAM_MspInit                         0x08002693   Thumb Code    10  fsmc.o(i.HAL_SRAM_MspInit)
    HAL_SYSTICK_Config                       0x0800269d   Thumb Code    52  stm32f1xx_hal_cortex.o(i.HAL_SYSTICK_Config)
    HAL_TIMEx_BreakCallback                  0x080026d1   Thumb Code     2  stm32f1xx_hal_tim_ex.o(i.HAL_TIMEx_BreakCallback)
    HAL_TIMEx_CommutCallback                 0x080026d3   Thumb Code     2  stm32f1xx_hal_tim_ex.o(i.HAL_TIMEx_CommutCallback)
    HAL_TIMEx_MasterConfigSynchronization    0x080026d5   Thumb Code   134  stm32f1xx_hal_tim_ex.o(i.HAL_TIMEx_MasterConfigSynchronization)
    HAL_TIM_Base_Init                        0x08002771   Thumb Code   102  stm32f1xx_hal_tim.o(i.HAL_TIM_Base_Init)
    HAL_TIM_Base_MspInit                     0x080027d9   Thumb Code    96  tim.o(i.HAL_TIM_Base_MspInit)
    HAL_TIM_ConfigClockSource                0x08002841   Thumb Code   268  stm32f1xx_hal_tim.o(i.HAL_TIM_ConfigClockSource)
    HAL_TIM_IC_CaptureCallback               0x0800294d   Thumb Code     2  stm32f1xx_hal_tim.o(i.HAL_TIM_IC_CaptureCallback)
    HAL_TIM_IRQHandler                       0x0800294f   Thumb Code   364  stm32f1xx_hal_tim.o(i.HAL_TIM_IRQHandler)
    HAL_TIM_MspPostInit                      0x08002abd   Thumb Code    74  tim.o(i.HAL_TIM_MspPostInit)
    HAL_TIM_OC_DelayElapsedCallback          0x08002b15   Thumb Code     2  stm32f1xx_hal_tim.o(i.HAL_TIM_OC_DelayElapsedCallback)
    HAL_TIM_PWM_ConfigChannel                0x08002b17   Thumb Code   260  stm32f1xx_hal_tim.o(i.HAL_TIM_PWM_ConfigChannel)
    HAL_TIM_PWM_Init                         0x08002c1b   Thumb Code   102  stm32f1xx_hal_tim.o(i.HAL_TIM_PWM_Init)
    HAL_TIM_PWM_MspInit                      0x08002c81   Thumb Code    40  tim.o(i.HAL_TIM_PWM_MspInit)
    HAL_TIM_PWM_PulseFinishedCallback        0x08002cb1   Thumb Code     2  stm32f1xx_hal_tim.o(i.HAL_TIM_PWM_PulseFinishedCallback)
    HAL_TIM_PeriodElapsedCallback            0x08002cb3   Thumb Code     2  stm32f1xx_hal_tim.o(i.HAL_TIM_PeriodElapsedCallback)
    HAL_TIM_TriggerCallback                  0x08002cb5   Thumb Code     2  stm32f1xx_hal_tim.o(i.HAL_TIM_TriggerCallback)
    HAL_UARTEx_RxEventCallback               0x08002cb7   Thumb Code     2  stm32f1xx_hal_uart.o(i.HAL_UARTEx_RxEventCallback)
    HAL_UART_ErrorCallback                   0x08002cb9   Thumb Code     2  stm32f1xx_hal_uart.o(i.HAL_UART_ErrorCallback)
    HAL_UART_IRQHandler                      0x08002cbd   Thumb Code   736  stm32f1xx_hal_uart.o(i.HAL_UART_IRQHandler)
    HAL_UART_Init                            0x08002fa1   Thumb Code   118  stm32f1xx_hal_uart.o(i.HAL_UART_Init)
    HAL_UART_MspInit                         0x08003019   Thumb Code   240  usart.o(i.HAL_UART_MspInit)
    HAL_UART_RxCpltCallback                  0x08003121   Thumb Code     2  stm32f1xx_hal_uart.o(i.HAL_UART_RxCpltCallback)
    HAL_UART_Transmit                        0x08003123   Thumb Code   190  stm32f1xx_hal_uart.o(i.HAL_UART_Transmit)
    HAL_UART_TxCpltCallback                  0x080031e1   Thumb Code     2  stm32f1xx_hal_uart.o(i.HAL_UART_TxCpltCallback)
    HardFault_Handler                        0x080031e3   Thumb Code     4  stm32f1xx_it.o(i.HardFault_Handler)
    KK_RTC_GetTime                           0x080031e9   Thumb Code    18  kk_rtc.o(i.KK_RTC_GetTime)
    KK_RTC_Init                              0x08003201   Thumb Code    70  kk_rtc.o(i.KK_RTC_Init)
    KK_RTC_SetTime                           0x08003251   Thumb Code    22  kk_rtc.o(i.KK_RTC_SetTime)
    Key0KeyLiteTask                          0x0800326d   Thumb Code   214  task_main.o(i.Key0KeyLiteTask)
    Key1KeyLiteTask                          0x08003361   Thumb Code   202  task_main.o(i.Key1KeyLiteTask)
    Key2KeyLiteTask                          0x08003449   Thumb Code   118  task_main.o(i.Key2KeyLiteTask)
    KeyLite_Init                             0x080034e1   Thumb Code    20  key.o(i.KeyLite_Init)
    KeyLite_Process                          0x080034f5   Thumb Code    80  key.o(i.KeyLite_Process)
    MX_ADC3_Init                             0x08003545   Thumb Code    86  adc.o(i.MX_ADC3_Init)
    MX_DMA_Init                              0x080035a5   Thumb Code   106  dma.o(i.MX_DMA_Init)
    MX_FSMC_Init                             0x08003615   Thumb Code   168  fsmc.o(i.MX_FSMC_Init)
    MX_GPIO_Init                             0x080036c9   Thumb Code   310  gpio.o(i.MX_GPIO_Init)
    MX_RTC_Init                              0x08003811   Thumb Code    22  rtc.o(i.MX_RTC_Init)
    MX_TIM2_Init                             0x08003831   Thumb Code   104  tim.o(i.MX_TIM2_Init)
    MX_TIM4_Init                             0x0800389d   Thumb Code   114  tim.o(i.MX_TIM4_Init)
    MX_TIM7_Init                             0x08003919   Thumb Code    66  tim.o(i.MX_TIM7_Init)
    MX_USART1_UART_Init                      0x08003965   Thumb Code    46  usart.o(i.MX_USART1_UART_Init)
    MainTask                                 0x0800399d   Thumb Code    52  task_main.o(i.MainTask)
    MainTaskInit                             0x080039e5   Thumb Code    66  task_main.o(i.MainTaskInit)
    MemManage_Handler                        0x08003a49   Thumb Code     4  stm32f1xx_it.o(i.MemManage_Handler)
    NMI_Handler                              0x08003a4d   Thumb Code     4  stm32f1xx_it.o(i.NMI_Handler)
    PendSV_Handler                           0x08003a51   Thumb Code     2  stm32f1xx_it.o(i.PendSV_Handler)
    RTC_Alarm_IRQHandler                     0x08003a7d   Thumb Code    10  stm32f1xx_it.o(i.RTC_Alarm_IRQHandler)
    RTC_IRQHandler                           0x08003b75   Thumb Code    10  stm32f1xx_it.o(i.RTC_IRQHandler)
    SVC_Handler                              0x08003be7   Thumb Code     2  stm32f1xx_it.o(i.SVC_Handler)
    SysTick_Handler                          0x08003be9   Thumb Code     8  stm32f1xx_it.o(i.SysTick_Handler)
    SystemClock_Config                       0x08003bf1   Thumb Code   140  main.o(i.SystemClock_Config)
    SystemInit                               0x08003c7d   Thumb Code     2  system_stm32f1xx.o(i.SystemInit)
    TIM2_IRQHandler                          0x08003c81   Thumb Code    10  stm32f1xx_it.o(i.TIM2_IRQHandler)
    TIM_Base_SetConfig                       0x08003c91   Thumb Code   150  stm32f1xx_hal_tim.o(i.TIM_Base_SetConfig)
    TIM_ETR_SetConfig                        0x08003d3d   Thumb Code    22  stm32f1xx_hal_tim.o(i.TIM_ETR_SetConfig)
    TIM_OC2_SetConfig                        0x08003dd5   Thumb Code   114  stm32f1xx_hal_tim.o(i.TIM_OC2_SetConfig)
    USART1_IRQHandler                        0x080042f1   Thumb Code    10  stm32f1xx_it.o(i.USART1_IRQHandler)
    UsageFault_Handler                       0x08004301   Thumb Code     4  stm32f1xx_it.o(i.UsageFault_Handler)
    __0sprintf$6                             0x08004305   Thumb Code    34  printf6.o(i.__0sprintf$6)
    __1sprintf$6                             0x08004305   Thumb Code     0  printf6.o(i.__0sprintf$6)
    __2sprintf                               0x08004305   Thumb Code     0  printf6.o(i.__0sprintf$6)
    __scatterload_copy                       0x08004365   Thumb Code    14  handlers.o(i.__scatterload_copy)
    __scatterload_null                       0x08004373   Thumb Code     2  handlers.o(i.__scatterload_null)
    __scatterload_zeroinit                   0x08004375   Thumb Code    14  handlers.o(i.__scatterload_zeroinit)
    automode_init                            0x080046d1   Thumb Code    24  task_automode.o(i.automode_init)
    automode_task                            0x080046ed   Thumb Code    74  task_automode.o(i.automode_task)
    delay_ms                                 0x08004741   Thumb Code    18  main.o(i.delay_ms)
    lcd_clear                                0x08004759   Thumb Code    42  lcd.o(i.lcd_clear)
    lcd_display_dir                          0x0800478d   Thumb Code   298  lcd.o(i.lcd_display_dir)
    lcd_draw_line                            0x080048bd   Thumb Code   172  lcd.o(i.lcd_draw_line)
    lcd_draw_point                           0x08004969   Thumb Code    26  lcd.o(i.lcd_draw_point)
    lcd_ex_ili9341_reginit                   0x08004989   Thumb Code   556  lcd.o(i.lcd_ex_ili9341_reginit)
    lcd_ex_nt35310_reginit                   0x08004bb5   Thumb Code  3826  lcd.o(i.lcd_ex_nt35310_reginit)
    lcd_ex_nt35510_reginit                   0x08005aa7   Thumb Code  3836  lcd.o(i.lcd_ex_nt35510_reginit)
    lcd_ex_ssd1963_reginit                   0x080069a3   Thumb Code   366  lcd.o(i.lcd_ex_ssd1963_reginit)
    lcd_ex_st7789_reginit                    0x08006b11   Thumb Code   424  lcd.o(i.lcd_ex_st7789_reginit)
    lcd_fill                                 0x08006cb9   Thumb Code    80  lcd.o(i.lcd_fill)
    lcd_init                                 0x08006d0d   Thumb Code   888  lcd.o(i.lcd_init)
    lcd_scan_dir                             0x080070c5   Thumb Code   556  lcd.o(i.lcd_scan_dir)
    lcd_set_cursor                           0x080072f5   Thumb Code   282  lcd.o(i.lcd_set_cursor)
    lcd_show_char                            0x08007415   Thumb Code   294  lcd.o(i.lcd_show_char)
    lcd_show_string                          0x08007555   Thumb Code   106  lcd.o(i.lcd_show_string)
    lcd_ssd_backlight_set                    0x080075c1   Thumb Code    80  lcd.o(i.lcd_ssd_backlight_set)
    lcd_wr_data                              0x08007615   Thumb Code    18  lcd.o(i.lcd_wr_data)
    lcd_wr_regno                             0x0800762d   Thumb Code    18  lcd.o(i.lcd_wr_regno)
    lcd_write_ram_prepare                    0x08007645   Thumb Code    10  lcd.o(i.lcd_write_ram_prepare)
    lcd_write_reg                            0x08007659   Thumb Code    10  lcd.o(i.lcd_write_reg)
    main                                     0x08007669   Thumb Code   156  main.o(i.main)
    showCursor                               0x08007715   Thumb Code    80  task_main.o(i.showCursor)
    showTime                                 0x08007771   Thumb Code   214  task_main.o(i.showTime)
    asc2_1206                                0x08007898   Data        1140  lcd.o(.constdata)
    asc2_1608                                0x08007d0c   Data        1520  lcd.o(.constdata)
    asc2_2412                                0x080082fc   Data        3420  lcd.o(.constdata)
    asc2_3216                                0x08009058   Data        6080  lcd.o(.constdata)
    SimHei_1616                              0x0800a818   Data        3168  lcd.o(.constdata)
    SimHei_2424                              0x0800b478   Data          32  lcd.o(.constdata)
    SimHei_3232                              0x0800b498   Data          32  lcd.o(.constdata)
    AHBPrescTable                            0x0800b4dc   Data          16  system_stm32f1xx.o(.constdata)
    APBPrescTable                            0x0800b4ec   Data           8  system_stm32f1xx.o(.constdata)
    Region$$Table$$Base                      0x0800b50c   Number         0  anon$$obj.o(Region$$Table)
    Region$$Table$$Limit                     0x0800b52c   Number         0  anon$$obj.o(Region$$Table)
    last_key_scan_tick                       0x20000000   Data           4  main.o(.data)
    last_automode_tick                       0x20000004   Data           4  main.o(.data)
    weeks                                    0x20000010   Data          70  task_main.o(.data)
    cursorPosition                           0x20000056   Data          48  task_main.o(.data)
    calendarState                            0x20000086   Data           1  task_main.o(.data)
    settingState                             0x20000087   Data           1  task_main.o(.data)
    g_point_color                            0x20000090   Data           4  lcd.o(.data)
    g_back_color                             0x20000094   Data           4  lcd.o(.data)
    uwTick                                   0x20000098   Data           4  stm32f1xx_hal.o(.data)
    uwTickPrio                               0x2000009c   Data           4  stm32f1xx_hal.o(.data)
    uwTickFreq                               0x200000a0   Data           1  stm32f1xx_hal.o(.data)
    SystemCoreClock                          0x200000a4   Data           4  system_stm32f1xx.o(.data)
    hadc3                                    0x200000a8   Data          48  adc.o(.bss)
    hdma_adc3                                0x200000d8   Data          68  adc.o(.bss)
    hsram4                                   0x2000011c   Data          72  fsmc.o(.bss)
    hrtc                                     0x20000164   Data          20  rtc.o(.bss)
    htim2                                    0x20000178   Data          72  tim.o(.bss)
    htim4                                    0x200001c0   Data          72  tim.o(.bss)
    htim7                                    0x20000208   Data          72  tim.o(.bss)
    huart1                                   0x20000250   Data          72  usart.o(.bss)
    hdma_usart1_rx                           0x20000298   Data          68  usart.o(.bss)
    hdma_usart1_tx                           0x200002dc   Data          68  usart.o(.bss)
    settingTime                              0x20000320   Data          44  task_main.o(.bss)
    key0                                     0x2000034c   Data          20  task_main.o(.bss)
    key1                                     0x20000360   Data          20  task_main.o(.bss)
    key2                                     0x20000374   Data          20  task_main.o(.bss)
    g_sram_handle                            0x20000388   Data          72  lcd.o(.bss)
    lcddev                                   0x200003d0   Data          14  lcd.o(.bss)
    __initial_sp                             0x20001410   Data           0  startup_stm32f103xe.o(STACK)



==============================================================================

Memory Map of the image

  Image Entry point : 0x08000131

  Load Region LR_IROM1 (Base: 0x08000000, Size: 0x0000b5d4, Max: 0x00080000, ABSOLUTE)

    Execution Region ER_IROM1 (Exec base: 0x08000000, Load base: 0x08000000, Size: 0x0000b52c, Max: 0x00080000, ABSOLUTE)

    Exec Addr    Load Addr    Size         Type   Attr      Idx    E Section Name        Object

    0x08000000   0x08000000   0x00000130   Data   RO            3    RESET               startup_stm32f103xe.o
    0x08000130   0x08000130   0x00000000   Code   RO         4437  * .ARM.Collect$$$$00000000  mc_w.l(entry.o)
    0x08000130   0x08000130   0x00000004   Code   RO         4724    .ARM.Collect$$$$00000001  mc_w.l(entry2.o)
    0x08000134   0x08000134   0x00000004   Code   RO         4727    .ARM.Collect$$$$00000004  mc_w.l(entry5.o)
    0x08000138   0x08000138   0x00000000   Code   RO         4729    .ARM.Collect$$$$00000008  mc_w.l(entry7b.o)
    0x08000138   0x08000138   0x00000000   Code   RO         4731    .ARM.Collect$$$$0000000A  mc_w.l(entry8b.o)
    0x08000138   0x08000138   0x00000008   Code   RO         4732    .ARM.Collect$$$$0000000B  mc_w.l(entry9a.o)
    0x08000140   0x08000140   0x00000000   Code   RO         4734    .ARM.Collect$$$$0000000D  mc_w.l(entry10a.o)
    0x08000140   0x08000140   0x00000000   Code   RO         4736    .ARM.Collect$$$$0000000F  mc_w.l(entry11a.o)
    0x08000140   0x08000140   0x00000004   Code   RO         4725    .ARM.Collect$$$$00002712  mc_w.l(entry2.o)
    0x08000144   0x08000144   0x00000024   Code   RO            4    .text               startup_stm32f103xe.o
    0x08000168   0x08000168   0x00000020   Code   RO         4440    .text               mc_w.l(llushr.o)
    0x08000188   0x08000188   0x000000a8   Code   RO         4446    .text               mc_w.l(mktime.o)
    0x08000230   0x08000230   0x00000024   Code   RO         4449    .text               mc_w.l(memcpya.o)
    0x08000254   0x08000254   0x00000024   Code   RO         4451    .text               mc_w.l(memseta.o)
    0x08000278   0x08000278   0x0000000e   Code   RO         4453    .text               mc_w.l(strlen.o)
    0x08000286   0x08000286   0x000000e4   Code   RO         4718    .text               mf_w.l(dmul.o)
    0x0800036a   0x0800036a   0x0000001a   Code   RO         4720    .text               mf_w.l(dfltui.o)
    0x08000384   0x08000384   0x00000032   Code   RO         4722    .text               mf_w.l(dfixui.o)
    0x080003b6   0x080003b6   0x0000002c   Code   RO         4741    .text               mc_w.l(uidiv.o)
    0x080003e2   0x080003e2   0x00000002   PAD
    0x080003e4   0x080003e4   0x0000000c   Code   RO         4745    .text               mc_w.l(localtime_w.o)
    0x080003f0   0x080003f0   0x0000008c   Code   RO         4748    .text               mc_w.l(localtime_i.o)
    0x0800047c   0x0800047c   0x00000000   Code   RO         4751    .text               mc_w.l(iusefp.o)
    0x0800047c   0x0800047c   0x000000ba   Code   RO         4752    .text               mf_w.l(depilogue.o)
    0x08000536   0x08000536   0x00000002   PAD
    0x08000538   0x08000538   0x00000024   Code   RO         4762    .text               mc_w.l(init.o)
    0x0800055c   0x0800055c   0x0000001e   Code   RO         4765    .text               mc_w.l(llshl.o)
    0x0800057a   0x0800057a   0x00000002   PAD
    0x0800057c   0x0800057c   0x00000010   Code   RO          519    i.ADC3_IRQHandler   stm32f1xx_it.o
    0x0800058c   0x0800058c   0x0000005c   Code   RO         1170    i.ADC_ConversionStop_Disable  stm32f1xx_hal_adc.o
    0x080005e8   0x080005e8   0x00000052   Code   RO         1171    i.ADC_DMAConvCplt   stm32f1xx_hal_adc.o
    0x0800063a   0x0800063a   0x0000001e   Code   RO         1172    i.ADC_DMAError      stm32f1xx_hal_adc.o
    0x08000658   0x08000658   0x0000000e   Code   RO         1173    i.ADC_DMAHalfConvCplt  stm32f1xx_hal_adc.o
    0x08000666   0x08000666   0x00000002   PAD
    0x08000668   0x08000668   0x00000090   Code   RO         1174    i.ADC_Enable        stm32f1xx_hal_adc.o
    0x080006f8   0x080006f8   0x00000004   Code   RO          520    i.BusFault_Handler  stm32f1xx_it.o
    0x080006fc   0x080006fc   0x00000010   Code   RO          521    i.DMA1_Channel4_IRQHandler  stm32f1xx_it.o
    0x0800070c   0x0800070c   0x00000010   Code   RO          522    i.DMA1_Channel5_IRQHandler  stm32f1xx_it.o
    0x0800071c   0x0800071c   0x00000010   Code   RO          523    i.DMA2_Channel4_5_IRQHandler  stm32f1xx_it.o
    0x0800072c   0x0800072c   0x0000002c   Code   RO         1831    i.DMA_SetConfig     stm32f1xx_hal_dma.o
    0x08000758   0x08000758   0x00000002   Code   RO          524    i.DebugMon_Handler  stm32f1xx_it.o
    0x0800075a   0x0800075a   0x00000006   Code   RO           13    i.Error_Handler     main.o
    0x08000760   0x08000760   0x00000044   Code   RO         2462    i.FSMC_NORSRAM_Extended_Timing_Init  stm32f1xx_ll_fsmc.o
    0x080007a4   0x080007a4   0x00000078   Code   RO         2463    i.FSMC_NORSRAM_Init  stm32f1xx_ll_fsmc.o
    0x0800081c   0x0800081c   0x00000036   Code   RO         2464    i.FSMC_NORSRAM_Timing_Init  stm32f1xx_ll_fsmc.o
    0x08000852   0x08000852   0x00000002   Code   RO         1352    i.HAL_ADCEx_InjectedConvCpltCallback  stm32f1xx_hal_adc_ex.o
    0x08000854   0x08000854   0x00000160   Code   RO         1176    i.HAL_ADC_ConfigChannel  stm32f1xx_hal_adc.o
    0x080009b4   0x080009b4   0x00000002   Code   RO         1177    i.HAL_ADC_ConvCpltCallback  stm32f1xx_hal_adc.o
    0x080009b6   0x080009b6   0x00000002   Code   RO         1178    i.HAL_ADC_ConvHalfCpltCallback  stm32f1xx_hal_adc.o
    0x080009b8   0x080009b8   0x00000002   Code   RO         1180    i.HAL_ADC_ErrorCallback  stm32f1xx_hal_adc.o
    0x080009ba   0x080009ba   0x00000112   Code   RO         1184    i.HAL_ADC_IRQHandler  stm32f1xx_hal_adc.o
    0x08000acc   0x08000acc   0x00000160   Code   RO         1185    i.HAL_ADC_Init      stm32f1xx_hal_adc.o
    0x08000c2c   0x08000c2c   0x00000002   Code   RO         1186    i.HAL_ADC_LevelOutOfWindowCallback  stm32f1xx_hal_adc.o
    0x08000c2e   0x08000c2e   0x00000002   PAD
    0x08000c30   0x08000c30   0x000000c0   Code   RO          245    i.HAL_ADC_MspInit   adc.o
    0x08000cf0   0x08000cf0   0x00000180   Code   RO         1192    i.HAL_ADC_Start_DMA  stm32f1xx_hal_adc.o
    0x08000e70   0x08000e70   0x00000056   Code   RO         1832    i.HAL_DMA_Abort     stm32f1xx_hal_dma.o
    0x08000ec6   0x08000ec6   0x00000002   PAD
    0x08000ec8   0x08000ec8   0x000001a8   Code   RO         1833    i.HAL_DMA_Abort_IT  stm32f1xx_hal_dma.o
    0x08001070   0x08001070   0x00000398   Code   RO         1837    i.HAL_DMA_IRQHandler  stm32f1xx_hal_dma.o
    0x08001408   0x08001408   0x0000008c   Code   RO         1838    i.HAL_DMA_Init      stm32f1xx_hal_dma.o
    0x08001494   0x08001494   0x0000009c   Code   RO         1842    i.HAL_DMA_Start_IT  stm32f1xx_hal_dma.o
    0x08001530   0x08001530   0x00000028   Code   RO         1453    i.HAL_Delay         stm32f1xx_hal.o
    0x08001558   0x08001558   0x00000094   Code   RO          311    i.HAL_FSMC_MspInit  fsmc.o
    0x080015ec   0x080015ec   0x00000340   Code   RO         1768    i.HAL_GPIO_Init     stm32f1xx_hal_gpio.o
    0x0800192c   0x0800192c   0x00000010   Code   RO         1770    i.HAL_GPIO_ReadPin  stm32f1xx_hal_gpio.o
    0x0800193c   0x0800193c   0x00000014   Code   RO         1771    i.HAL_GPIO_TogglePin  stm32f1xx_hal_gpio.o
    0x08001950   0x08001950   0x0000000c   Code   RO         1772    i.HAL_GPIO_WritePin  stm32f1xx_hal_gpio.o
    0x0800195c   0x0800195c   0x0000000c   Code   RO         1457    i.HAL_GetTick       stm32f1xx_hal.o
    0x08001968   0x08001968   0x00000018   Code   RO         1463    i.HAL_IncTick       stm32f1xx_hal.o
    0x08001980   0x08001980   0x00000028   Code   RO         1464    i.HAL_Init          stm32f1xx_hal.o
    0x080019a8   0x080019a8   0x0000004c   Code   RO         1465    i.HAL_InitTick      stm32f1xx_hal.o
    0x080019f4   0x080019f4   0x00000054   Code   RO          643    i.HAL_MspInit       stm32f1xx_hal_msp.o
    0x08001a48   0x08001a48   0x00000020   Code   RO         1928    i.HAL_NVIC_EnableIRQ  stm32f1xx_hal_cortex.o
    0x08001a68   0x08001a68   0x0000007c   Code   RO         1934    i.HAL_NVIC_SetPriority  stm32f1xx_hal_cortex.o
    0x08001ae4   0x08001ae4   0x00000028   Code   RO         1935    i.HAL_NVIC_SetPriorityGrouping  stm32f1xx_hal_cortex.o
    0x08001b0c   0x08001b0c   0x0000000c   Code   RO         2055    i.HAL_PWR_EnableBkUpAccess  stm32f1xx_hal_pwr.o
    0x08001b18   0x08001b18   0x00000118   Code   RO         1729    i.HAL_RCCEx_GetPeriphCLKFreq  stm32f1xx_hal_rcc_ex.o
    0x08001c30   0x08001c30   0x00000130   Code   RO         1730    i.HAL_RCCEx_PeriphCLKConfig  stm32f1xx_hal_rcc_ex.o
    0x08001d60   0x08001d60   0x0000018c   Code   RO         1621    i.HAL_RCC_ClockConfig  stm32f1xx_hal_rcc.o
    0x08001eec   0x08001eec   0x0000000c   Code   RO         1626    i.HAL_RCC_GetHCLKFreq  stm32f1xx_hal_rcc.o
    0x08001ef8   0x08001ef8   0x00000020   Code   RO         1628    i.HAL_RCC_GetPCLK1Freq  stm32f1xx_hal_rcc.o
    0x08001f18   0x08001f18   0x00000020   Code   RO         1629    i.HAL_RCC_GetPCLK2Freq  stm32f1xx_hal_rcc.o
    0x08001f38   0x08001f38   0x00000070   Code   RO         1630    i.HAL_RCC_GetSysClockFreq  stm32f1xx_hal_rcc.o
    0x08001fa8   0x08001fa8   0x00000464   Code   RO         1633    i.HAL_RCC_OscConfig  stm32f1xx_hal_rcc.o
    0x0800240c   0x0800240c   0x00000018   Code   RO         2944    i.HAL_RTCEx_BKUPRead  stm32f1xx_hal_rtc_ex.o
    0x08002424   0x08002424   0x00000018   Code   RO         2945    i.HAL_RTCEx_BKUPWrite  stm32f1xx_hal_rtc_ex.o
    0x0800243c   0x0800243c   0x00000002   Code   RO         2949    i.HAL_RTCEx_RTCEventCallback  stm32f1xx_hal_rtc_ex.o
    0x0800243e   0x0800243e   0x00000002   Code   RO         2950    i.HAL_RTCEx_RTCEventErrorCallback  stm32f1xx_hal_rtc_ex.o
    0x08002440   0x08002440   0x0000004e   Code   RO         2951    i.HAL_RTCEx_RTCIRQHandler  stm32f1xx_hal_rtc_ex.o
    0x0800248e   0x0800248e   0x00000002   Code   RO         2769    i.HAL_RTC_AlarmAEventCallback  stm32f1xx_hal_rtc.o
    0x08002490   0x08002490   0x0000003c   Code   RO         2770    i.HAL_RTC_AlarmIRQHandler  stm32f1xx_hal_rtc.o
    0x080024cc   0x080024cc   0x000000c0   Code   RO         2777    i.HAL_RTC_Init      stm32f1xx_hal_rtc.o
    0x0800258c   0x0800258c   0x00000060   Code   RO          364    i.HAL_RTC_MspInit   rtc.o
    0x080025ec   0x080025ec   0x00000040   Code   RO         2785    i.HAL_RTC_WaitForSynchro  stm32f1xx_hal_rtc.o
    0x0800262c   0x0800262c   0x00000066   Code   RO         2602    i.HAL_SRAM_Init     stm32f1xx_hal_sram.o
    0x08002692   0x08002692   0x0000000a   Code   RO          313    i.HAL_SRAM_MspInit  fsmc.o
    0x0800269c   0x0800269c   0x00000034   Code   RO         1939    i.HAL_SYSTICK_Config  stm32f1xx_hal_cortex.o
    0x080026d0   0x080026d0   0x00000002   Code   RO         3763    i.HAL_TIMEx_BreakCallback  stm32f1xx_hal_tim_ex.o
    0x080026d2   0x080026d2   0x00000002   Code   RO         3764    i.HAL_TIMEx_CommutCallback  stm32f1xx_hal_tim_ex.o
    0x080026d4   0x080026d4   0x0000009c   Code   RO         3782    i.HAL_TIMEx_MasterConfigSynchronization  stm32f1xx_hal_tim_ex.o
    0x08002770   0x08002770   0x00000066   Code   RO         3048    i.HAL_TIM_Base_Init  stm32f1xx_hal_tim.o
    0x080027d6   0x080027d6   0x00000002   PAD
    0x080027d8   0x080027d8   0x00000068   Code   RO          406    i.HAL_TIM_Base_MspInit  tim.o
    0x08002840   0x08002840   0x0000010c   Code   RO         3057    i.HAL_TIM_ConfigClockSource  stm32f1xx_hal_tim.o
    0x0800294c   0x0800294c   0x00000002   Code   RO         3082    i.HAL_TIM_IC_CaptureCallback  stm32f1xx_hal_tim.o
    0x0800294e   0x0800294e   0x0000016c   Code   RO         3096    i.HAL_TIM_IRQHandler  stm32f1xx_hal_tim.o
    0x08002aba   0x08002aba   0x00000002   PAD
    0x08002abc   0x08002abc   0x00000058   Code   RO          407    i.HAL_TIM_MspPostInit  tim.o
    0x08002b14   0x08002b14   0x00000002   Code   RO         3099    i.HAL_TIM_OC_DelayElapsedCallback  stm32f1xx_hal_tim.o
    0x08002b16   0x08002b16   0x00000104   Code   RO         3120    i.HAL_TIM_PWM_ConfigChannel  stm32f1xx_hal_tim.o
    0x08002c1a   0x08002c1a   0x00000066   Code   RO         3123    i.HAL_TIM_PWM_Init  stm32f1xx_hal_tim.o
    0x08002c80   0x08002c80   0x00000030   Code   RO          409    i.HAL_TIM_PWM_MspInit  tim.o
    0x08002cb0   0x08002cb0   0x00000002   Code   RO         3126    i.HAL_TIM_PWM_PulseFinishedCallback  stm32f1xx_hal_tim.o
    0x08002cb2   0x08002cb2   0x00000002   Code   RO         3134    i.HAL_TIM_PeriodElapsedCallback  stm32f1xx_hal_tim.o
    0x08002cb4   0x08002cb4   0x00000002   Code   RO         3139    i.HAL_TIM_TriggerCallback  stm32f1xx_hal_tim.o
    0x08002cb6   0x08002cb6   0x00000002   Code   RO         4042    i.HAL_UARTEx_RxEventCallback  stm32f1xx_hal_uart.o
    0x08002cb8   0x08002cb8   0x00000002   Code   RO         4056    i.HAL_UART_ErrorCallback  stm32f1xx_hal_uart.o
    0x08002cba   0x08002cba   0x00000002   PAD
    0x08002cbc   0x08002cbc   0x000002e4   Code   RO         4059    i.HAL_UART_IRQHandler  stm32f1xx_hal_uart.o
    0x08002fa0   0x08002fa0   0x00000076   Code   RO         4060    i.HAL_UART_Init     stm32f1xx_hal_uart.o
    0x08003016   0x08003016   0x00000002   PAD
    0x08003018   0x08003018   0x00000108   Code   RO          478    i.HAL_UART_MspInit  usart.o
    0x08003120   0x08003120   0x00000002   Code   RO         4066    i.HAL_UART_RxCpltCallback  stm32f1xx_hal_uart.o
    0x08003122   0x08003122   0x000000be   Code   RO         4068    i.HAL_UART_Transmit  stm32f1xx_hal_uart.o
    0x080031e0   0x080031e0   0x00000002   Code   RO         4071    i.HAL_UART_TxCpltCallback  stm32f1xx_hal_uart.o
    0x080031e2   0x080031e2   0x00000004   Code   RO          525    i.HardFault_Handler  stm32f1xx_it.o
    0x080031e6   0x080031e6   0x00000002   PAD
    0x080031e8   0x080031e8   0x00000018   Code   RO          835    i.KK_RTC_GetTime    kk_rtc.o
    0x08003200   0x08003200   0x00000050   Code   RO          836    i.KK_RTC_Init       kk_rtc.o
    0x08003250   0x08003250   0x0000001c   Code   RO          837    i.KK_RTC_SetTime    kk_rtc.o
    0x0800326c   0x0800326c   0x000000f4   Code   RO          667    i.Key0KeyLiteTask   task_main.o
    0x08003360   0x08003360   0x000000e8   Code   RO          668    i.Key1KeyLiteTask   task_main.o
    0x08003448   0x08003448   0x00000098   Code   RO          669    i.Key2KeyLiteTask   task_main.o
    0x080034e0   0x080034e0   0x00000014   Code   RO          802    i.KeyLite_Init      key.o
    0x080034f4   0x080034f4   0x00000050   Code   RO          803    i.KeyLite_Process   key.o
    0x08003544   0x08003544   0x00000060   Code   RO          246    i.MX_ADC3_Init      adc.o
    0x080035a4   0x080035a4   0x00000070   Code   RO          286    i.MX_DMA_Init       dma.o
    0x08003614   0x08003614   0x000000b4   Code   RO          314    i.MX_FSMC_Init      fsmc.o
    0x080036c8   0x080036c8   0x00000148   Code   RO          220    i.MX_GPIO_Init      gpio.o
    0x08003810   0x08003810   0x00000020   Code   RO          365    i.MX_RTC_Init       rtc.o
    0x08003830   0x08003830   0x0000006c   Code   RO          410    i.MX_TIM2_Init      tim.o
    0x0800389c   0x0800389c   0x0000007c   Code   RO          411    i.MX_TIM4_Init      tim.o
    0x08003918   0x08003918   0x0000004c   Code   RO          412    i.MX_TIM7_Init      tim.o
    0x08003964   0x08003964   0x00000038   Code   RO          479    i.MX_USART1_UART_Init  usart.o
    0x0800399c   0x0800399c   0x00000048   Code   RO          670    i.MainTask          task_main.o
    0x080039e4   0x080039e4   0x00000064   Code   RO          671    i.MainTaskInit      task_main.o
    0x08003a48   0x08003a48   0x00000004   Code   RO          526    i.MemManage_Handler  stm32f1xx_it.o
    0x08003a4c   0x08003a4c   0x00000004   Code   RO          527    i.NMI_Handler       stm32f1xx_it.o
    0x08003a50   0x08003a50   0x00000002   Code   RO          528    i.PendSV_Handler    stm32f1xx_it.o
    0x08003a52   0x08003a52   0x00000002   PAD
    0x08003a54   0x08003a54   0x00000028   Code   RO         1634    i.RCC_Delay         stm32f1xx_hal_rcc.o
    0x08003a7c   0x08003a7c   0x00000010   Code   RO          529    i.RTC_Alarm_IRQHandler  stm32f1xx_it.o
    0x08003a8c   0x08003a8c   0x0000003a   Code   RO          838    i.RTC_EnterInitMode  kk_rtc.o
    0x08003ac6   0x08003ac6   0x0000003a   Code   RO         2789    i.RTC_EnterInitMode  stm32f1xx_hal_rtc.o
    0x08003b00   0x08003b00   0x0000003a   Code   RO          839    i.RTC_ExitInitMode  kk_rtc.o
    0x08003b3a   0x08003b3a   0x0000003a   Code   RO         2790    i.RTC_ExitInitMode  stm32f1xx_hal_rtc.o
    0x08003b74   0x08003b74   0x00000010   Code   RO          530    i.RTC_IRQHandler    stm32f1xx_it.o
    0x08003b84   0x08003b84   0x00000034   Code   RO          840    i.RTC_ReadTimeCounter  kk_rtc.o
    0x08003bb8   0x08003bb8   0x0000002e   Code   RO          841    i.RTC_WriteTimeCounter  kk_rtc.o
    0x08003be6   0x08003be6   0x00000002   Code   RO          531    i.SVC_Handler       stm32f1xx_it.o
    0x08003be8   0x08003be8   0x00000008   Code   RO          532    i.SysTick_Handler   stm32f1xx_it.o
    0x08003bf0   0x08003bf0   0x0000008c   Code   RO           14    i.SystemClock_Config  main.o
    0x08003c7c   0x08003c7c   0x00000002   Code   RO         4404    i.SystemInit        system_stm32f1xx.o
    0x08003c7e   0x08003c7e   0x00000002   PAD
    0x08003c80   0x08003c80   0x00000010   Code   RO          533    i.TIM2_IRQHandler   stm32f1xx_it.o
    0x08003c90   0x08003c90   0x000000ac   Code   RO         3141    i.TIM_Base_SetConfig  stm32f1xx_hal_tim.o
    0x08003d3c   0x08003d3c   0x00000016   Code   RO         3152    i.TIM_ETR_SetConfig  stm32f1xx_hal_tim.o
    0x08003d52   0x08003d52   0x00000012   Code   RO         3153    i.TIM_ITRx_SetConfig  stm32f1xx_hal_tim.o
    0x08003d64   0x08003d64   0x00000070   Code   RO         3154    i.TIM_OC1_SetConfig  stm32f1xx_hal_tim.o
    0x08003dd4   0x08003dd4   0x0000007c   Code   RO         3155    i.TIM_OC2_SetConfig  stm32f1xx_hal_tim.o
    0x08003e50   0x08003e50   0x00000078   Code   RO         3156    i.TIM_OC3_SetConfig  stm32f1xx_hal_tim.o
    0x08003ec8   0x08003ec8   0x00000054   Code   RO         3157    i.TIM_OC4_SetConfig  stm32f1xx_hal_tim.o
    0x08003f1c   0x08003f1c   0x00000026   Code   RO         3159    i.TIM_TI1_ConfigInputStage  stm32f1xx_hal_tim.o
    0x08003f42   0x08003f42   0x00000028   Code   RO         3161    i.TIM_TI2_ConfigInputStage  stm32f1xx_hal_tim.o
    0x08003f6a   0x08003f6a   0x00000014   Code   RO         4073    i.UART_DMAAbortOnError  stm32f1xx_hal_uart.o
    0x08003f7e   0x08003f7e   0x0000006c   Code   RO         4083    i.UART_EndRxTransfer  stm32f1xx_hal_uart.o
    0x08003fea   0x08003fea   0x00000020   Code   RO         4084    i.UART_EndTransmit_IT  stm32f1xx_hal_uart.o
    0x0800400a   0x0800400a   0x000000fc   Code   RO         4086    i.UART_Receive_IT   stm32f1xx_hal_uart.o
    0x08004106   0x08004106   0x00000002   PAD
    0x08004108   0x08004108   0x000000fc   Code   RO         4087    i.UART_SetConfig    stm32f1xx_hal_uart.o
    0x08004204   0x08004204   0x00000060   Code   RO         4090    i.UART_Transmit_IT  stm32f1xx_hal_uart.o
    0x08004264   0x08004264   0x0000008c   Code   RO         4091    i.UART_WaitOnFlagUntilTimeout  stm32f1xx_hal_uart.o
    0x080042f0   0x080042f0   0x00000010   Code   RO          534    i.USART1_IRQHandler  stm32f1xx_it.o
    0x08004300   0x08004300   0x00000004   Code   RO          535    i.UsageFault_Handler  stm32f1xx_it.o
    0x08004304   0x08004304   0x00000028   Code   RO         4614    i.__0sprintf$6      mc_w.l(printf6.o)
    0x0800432c   0x0800432c   0x00000010   Code   RO         1941    i.__NVIC_GetPriorityGrouping  stm32f1xx_hal_cortex.o
    0x0800433c   0x0800433c   0x00000028   Code   RO         1942    i.__NVIC_SetPriority  stm32f1xx_hal_cortex.o
    0x08004364   0x08004364   0x0000000e   Code   RO         4772    i.__scatterload_copy  mc_w.l(handlers.o)
    0x08004372   0x08004372   0x00000002   Code   RO         4773    i.__scatterload_null  mc_w.l(handlers.o)
    0x08004374   0x08004374   0x0000000e   Code   RO         4774    i.__scatterload_zeroinit  mc_w.l(handlers.o)
    0x08004382   0x08004382   0x00000002   PAD
    0x08004384   0x08004384   0x000002f0   Code   RO         4619    i._printf_core      mc_w.l(printf6.o)
    0x08004674   0x08004674   0x00000024   Code   RO         4620    i._printf_post_padding  mc_w.l(printf6.o)
    0x08004698   0x08004698   0x0000002e   Code   RO         4621    i._printf_pre_padding  mc_w.l(printf6.o)
    0x080046c6   0x080046c6   0x0000000a   Code   RO         4623    i._sputc            mc_w.l(printf6.o)
    0x080046d0   0x080046d0   0x0000001c   Code   RO          753    i.automode_init     task_automode.o
    0x080046ec   0x080046ec   0x00000054   Code   RO          754    i.automode_task     task_automode.o
    0x08004740   0x08004740   0x00000018   Code   RO           15    i.delay_ms          main.o
    0x08004758   0x08004758   0x00000034   Code   RO          895    i.lcd_clear         lcd.o
    0x0800478c   0x0800478c   0x00000130   Code   RO          897    i.lcd_display_dir   lcd.o
    0x080048bc   0x080048bc   0x000000ac   Code   RO          902    i.lcd_draw_line     lcd.o
    0x08004968   0x08004968   0x00000020   Code   RO          903    i.lcd_draw_point    lcd.o
    0x08004988   0x08004988   0x0000022c   Code   RO          905    i.lcd_ex_ili9341_reginit  lcd.o
    0x08004bb4   0x08004bb4   0x00000ef2   Code   RO          906    i.lcd_ex_nt35310_reginit  lcd.o
    0x08005aa6   0x08005aa6   0x00000efc   Code   RO          907    i.lcd_ex_nt35510_reginit  lcd.o
    0x080069a2   0x080069a2   0x0000016e   Code   RO          908    i.lcd_ex_ssd1963_reginit  lcd.o
    0x08006b10   0x08006b10   0x000001a8   Code   RO          909    i.lcd_ex_st7789_reginit  lcd.o
    0x08006cb8   0x08006cb8   0x00000054   Code   RO          910    i.lcd_fill          lcd.o
    0x08006d0c   0x08006d0c   0x00000394   Code   RO          912    i.lcd_init          lcd.o
    0x080070a0   0x080070a0   0x0000000c   Code   RO          913    i.lcd_opt_delay     lcd.o
    0x080070ac   0x080070ac   0x00000018   Code   RO          915    i.lcd_rd_data       lcd.o
    0x080070c4   0x080070c4   0x00000230   Code   RO          917    i.lcd_scan_dir      lcd.o
    0x080072f4   0x080072f4   0x00000120   Code   RO          918    i.lcd_set_cursor    lcd.o
    0x08007414   0x08007414   0x00000140   Code   RO          920    i.lcd_show_char     lcd.o
    0x08007554   0x08007554   0x0000006a   Code   RO          923    i.lcd_show_string   lcd.o
    0x080075be   0x080075be   0x00000002   PAD
    0x080075c0   0x080075c0   0x00000054   Code   RO          925    i.lcd_ssd_backlight_set  lcd.o
    0x08007614   0x08007614   0x00000018   Code   RO          926    i.lcd_wr_data       lcd.o
    0x0800762c   0x0800762c   0x00000018   Code   RO          927    i.lcd_wr_regno      lcd.o
    0x08007644   0x08007644   0x00000014   Code   RO          928    i.lcd_write_ram_prepare  lcd.o
    0x08007658   0x08007658   0x00000010   Code   RO          929    i.lcd_write_reg     lcd.o
    0x08007668   0x08007668   0x000000ac   Code   RO           16    i.main              main.o
    0x08007714   0x08007714   0x0000005c   Code   RO          672    i.showCursor        task_main.o
    0x08007770   0x08007770   0x000000fc   Code   RO          673    i.showTime          task_main.o
    0x0800786c   0x0800786c   0x0000002c   Data   RO          842    .constdata          kk_rtc.o
    0x08007898   0x08007898   0x00003c20   Data   RO          931    .constdata          lcd.o
    0x0800b4b8   0x0800b4b8   0x00000012   Data   RO         1635    .constdata          stm32f1xx_hal_rcc.o
    0x0800b4ca   0x0800b4ca   0x00000012   Data   RO         1731    .constdata          stm32f1xx_hal_rcc_ex.o
    0x0800b4dc   0x0800b4dc   0x00000018   Data   RO         4405    .constdata          system_stm32f1xx.o
    0x0800b4f4   0x0800b4f4   0x0000000c   Data   RO         4447    .constdata          mc_w.l(mktime.o)
    0x0800b500   0x0800b500   0x0000000c   Data   RO         4749    .constdata          mc_w.l(localtime_i.o)
    0x0800b50c   0x0800b50c   0x00000020   Data   RO         4770    Region$$Table       anon$$obj.o


    Execution Region RW_IRAM1 (Exec base: 0x20000000, Load base: 0x0800b52c, Size: 0x00001410, Max: 0x00010000, ABSOLUTE)

    Exec Addr    Load Addr    Size         Type   Attr      Idx    E Section Name        Object

    0x20000000   0x0800b52c   0x00000008   Data   RW           17    .data               main.o
    0x20000008   0x0800b534   0x00000008   Data   RW          316    .data               fsmc.o
    0x20000010   0x0800b53c   0x0000007c   Data   RW          676    .data               task_main.o
    0x2000008c   0x0800b5b8   0x00000001   Data   RW          755    .data               task_automode.o
    0x2000008d   0x0800b5b9   0x00000003   PAD
    0x20000090   0x0800b5bc   0x00000008   Data   RW          932    .data               lcd.o
    0x20000098   0x0800b5c4   0x00000009   Data   RW         1471    .data               stm32f1xx_hal.o
    0x200000a1   0x0800b5cd   0x00000003   PAD
    0x200000a4   0x0800b5d0   0x00000004   Data   RW         4406    .data               system_stm32f1xx.o
    0x200000a8        -       0x00000074   Zero   RW          247    .bss                adc.o
    0x2000011c        -       0x00000048   Zero   RW          315    .bss                fsmc.o
    0x20000164        -       0x00000014   Zero   RW          366    .bss                rtc.o
    0x20000178        -       0x000000d8   Zero   RW          413    .bss                tim.o
    0x20000250        -       0x000000d0   Zero   RW          480    .bss                usart.o
    0x20000320        -       0x00000068   Zero   RW          675    .bss                task_main.o
    0x20000388        -       0x00000056   Zero   RW          930    .bss                lcd.o
    0x200003de   0x0800b5d4   0x00000002   PAD
    0x200003e0        -       0x0000002c   Zero   RW         4746    .bss                mc_w.l(localtime_w.o)
    0x2000040c   0x0800b5d4   0x00000004   PAD
    0x20000410        -       0x00001000   Zero   RW            1    STACK               startup_stm32f103xe.o


==============================================================================

Image component sizes


      Code (inc. data)   RO Data    RW Data    ZI Data      Debug   Object Name

       288         32          0          0        116       1751   adc.o
       112          6          0          0          0        794   dma.o
       338         32          0          8         72       2283   fsmc.o
       328         18          0          0          0       1111   gpio.o
       100          0          0          0          0       2089   key.o
       346         22         44          0          0       4336   kk_rtc.o
     12046        142      15392          8         86      22850   lcd.o
       342         22          0          8          0     534619   main.o
       128         22          0          0         20       1499   rtc.o
        36          8        304          0       4096        804   startup_stm32f103xe.o
       192         36          0          9          0       6501   stm32f1xx_hal.o
      1732         58          0          0          0       9766   stm32f1xx_hal_adc.o
         2          0          0          0          0       1085   stm32f1xx_hal_adc_ex.o
       304         22          0          0          0      29423   stm32f1xx_hal_cortex.o
      1770         28          0          0          0       5290   stm32f1xx_hal_dma.o
       880         40          0          0          0       3952   stm32f1xx_hal_gpio.o
        84          8          0          0          0        898   stm32f1xx_hal_msp.o
        12          4          0          0          0        515   stm32f1xx_hal_pwr.o
      1748         98         18          0          0       5976   stm32f1xx_hal_rcc.o
       584         34         18          0          0       2397   stm32f1xx_hal_rcc_ex.o
       434          8          0          0          0       4444   stm32f1xx_hal_rtc.o
       130         10          0          0          0       3516   stm32f1xx_hal_rtc_ex.o
       102          0          0          0          0       1208   stm32f1xx_hal_sram.o
      1836         58          0          0          0      13646   stm32f1xx_hal_tim.o
       160         22          0          0          0       2437   stm32f1xx_hal_tim_ex.o
      1956          8          0          0          0      11088   stm32f1xx_hal_uart.o
       162         48          0          0          0       7673   stm32f1xx_it.o
       242         10          0          0          0       3851   stm32f1xx_ll_fsmc.o
         2          0         24          4          0       1119   system_stm32f1xx.o
       112         14          0          1          0       1760   task_automode.o
      1144        210          0        124        104       5909   task_main.o
       548         54          0          0        216       4020   tim.o
       320         34          0          0        208       1832   usart.o

    ----------------------------------------------------------------------
     28544       1108      15832        168       4920     700442   Object Totals
         0          0         32          0          0          0   (incl. Generated)
        24          0          0          6          2          0   (incl. Padding)

    ----------------------------------------------------------------------

      Code (inc. data)   RO Data    RW Data    ZI Data      Debug   Library Member Name

         0          0          0          0          0          0   entry.o
         0          0          0          0          0          0   entry10a.o
         0          0          0          0          0          0   entry11a.o
         8          4          0          0          0          0   entry2.o
         4          0          0          0          0          0   entry5.o
         0          0          0          0          0          0   entry7b.o
         0          0          0          0          0          0   entry8b.o
         8          4          0          0          0          0   entry9a.o
        30          0          0          0          0          0   handlers.o
        36          8          0          0          0         68   init.o
         0          0          0          0          0          0   iusefp.o
        30          0          0          0          0         68   llshl.o
        32          0          0          0          0         68   llushr.o
       140          6         12          0          0         76   localtime_i.o
        12          6          0          0         44         68   localtime_w.o
        36          0          0          0          0         68   memcpya.o
        36          0          0          0          0        108   memseta.o
       168         18         12          0          0         80   mktime.o
       884         10          0          0          0        420   printf6.o
        14          0          0          0          0         68   strlen.o
        44          0          0          0          0         80   uidiv.o
       186          0          0          0          0        176   depilogue.o
        50          0          0          0          0         76   dfixui.o
        26          0          0          0          0         76   dfltui.o
       228          0          0          0          0         96   dmul.o

    ----------------------------------------------------------------------
      1980         56         24          0         48       1596   Library Totals
         8          0          0          0          4          0   (incl. Padding)

    ----------------------------------------------------------------------

      Code (inc. data)   RO Data    RW Data    ZI Data      Debug   Library Name

      1482         56         24          0         44       1172   mc_w.l
       490          0          0          0          0        424   mf_w.l

    ----------------------------------------------------------------------
      1980         56         24          0         48       1596   Library Totals

    ----------------------------------------------------------------------

==============================================================================


      Code (inc. data)   RO Data    RW Data    ZI Data      Debug   

     30524       1164      15856        168       4968     692466   Grand Totals
     30524       1164      15856        168       4968     692466   ELF Image Totals
     30524       1164      15856        168          0          0   ROM Totals

==============================================================================

    Total RO  Size (Code + RO Data)                46380 (  45.29kB)
    Total RW  Size (RW Data + ZI Data)              5136 (   5.02kB)
    Total ROM Size (Code + RO Data + RW Data)      46548 (  45.46kB)

==============================================================================

