<html>
<body>
<pre>
<h1>µVision Build Log</h1>
<h2>Tool Versions:</h2>
IDE-Version: ¦ÌVision V5.38.0.0
Copyright (C) 2022 ARM Ltd and ARM Germany GmbH. All rights reserved.
License Information: 1 Haozun Tan, 1, LIC=WHYH9-4JFQ5-564Q2-9T4DK-HJECS-QX6Y8
 
Tool Versions:
Toolchain:       MDK-ARM Plus  Version: 5.41.0.0
Toolchain Path:  D:\STM32MDK\CORE\ARM\ARMCC\Bin
C Compiler:      Armcc.exe V5.06 update 5 (build 528)
Assembler:       Armasm.exe V5.06 update 5 (build 528)
Linker/Locator:  ArmLink.exe V5.06 update 5 (build 528)
Library Manager: ArmAr.exe V5.06 update 5 (build 528)
Hex Converter:   FromElf.exe V5.06 update 5 (build 528)
CPU DLL:         SARMCM3.DLL V5.41.0.0
Dialog DLL:      DCM.DLL V1.17.5.0
Target DLL:      STLink\ST-LINKIII-KEIL_SWO.dll V3.3.0.0
Dialog DLL:      TCM.DLL V1.56.4.0
 
<h2>Project:</h2>
D:\STM32_Project\LVGL_TP\LVGL_TP_mx_zd\LVGL_TP_mx_zd\MDK-ARM\LVGL_TP_mx_zd.uvprojx
Project File Date:  06/07/2025

<h2>Output:</h2>
*** Using Compiler 'V5.06 update 5 (build 528)', folder: 'D:\STM32MDK\CORE\ARM\ARMCC\Bin'
Rebuild target 'LVGL_TP_mx_zd'
assembling startup_stm32f103xe.s...
compiling adc.c...
compiling dma.c...
compiling gpio.c...
compiling rtc.c...
compiling stm32f1xx_hal_msp.c...
compiling main.c...
compiling stm32f1xx_it.c...
compiling usart.c...
compiling task_automode.c...
compiling tim.c...
compiling fsmc.c...
compiling task_main.c...
compiling stm32f1xx_hal_gpio_ex.c...
compiling kk_rtc.c...
compiling stm32f1xx_hal_gpio.c...
compiling stm32f1xx_hal.c...
compiling KEY.c...
compiling stm32f1xx_hal_adc_ex.c...
compiling stm32f1xx_hal_rcc_ex.c...
compiling stm32f1xx_hal_cortex.c...
compiling stm32f1xx_hal_adc.c...
compiling stm32f1xx_hal_dma.c...
compiling stm32f1xx_hal_rcc.c...
compiling lcd.c...
compiling stm32f1xx_hal_exti.c...
compiling stm32f1xx_hal_rtc.c...
compiling stm32f1xx_hal_nand.c...
compiling stm32f1xx_hal_flash_ex.c...
compiling stm32f1xx_ll_fsmc.c...
compiling stm32f1xx_hal_rtc_ex.c...
compiling stm32f1xx_hal_pccard.c...
compiling stm32f1xx_hal_pwr.c...
compiling stm32f1xx_hal_nor.c...
compiling stm32f1xx_hal_flash.c...
compiling stm32f1xx_hal_sram.c...
compiling stm32f1xx_hal_tim.c...
compiling system_stm32f1xx.c...
compiling stm32f1xx_hal_uart.c...
compiling stm32f1xx_hal_tim_ex.c...
linking...
Program Size: Code=30524 RO-data=15856 RW-data=168 ZI-data=4968  
FromELF: creating hex file...
"LVGL_TP_mx_zd\LVGL_TP_mx_zd.axf" - 0 Error(s), 0 Warning(s).

<h2>Software Packages used:</h2>

Package Vendor: ARM
                https://www.keil.com/pack/ARM.CMSIS.6.1.0.pack
                ARM.CMSIS.6.1.0
                CMSIS (Common Microcontroller Software Interface Standard)
   * Component: CORE Version: 6.1.0

Package Vendor: Keil
                https://www.keil.com/pack/Keil.STM32F1xx_DFP.2.4.1.pack
                Keil.STM32F1xx_DFP.2.4.1
                STMicroelectronics STM32F1 Series Device Support, Drivers and Examples

<h2>Collection of Component include folders:</h2>
  ./RTE/_LVGL_TP_mx_zd
  D:/STM32MDK/PACK/ARM/CMSIS/6.1.0/CMSIS/Core/Include
  D:/STM32MDK/PACK/Keil/STM32F1xx_DFP/2.4.1/Device/Include

<h2>Collection of Component Files used:</h2>

   * Component: ARM::CMSIS:CORE:6.1.0
Build Time Elapsed:  00:00:06
</pre>
</body>
</html>
